Component: ARM Compiler 5.06 update 6 (build 750) Tool: armlink [4d35ed]

==============================================================================

Section Cross References

    stm32f4xx_hal_cortex.o(i.HAL_NVIC_SetPriority) refers to stm32f4xx_hal_cortex.o(i.NVIC_SetPriority) for NVIC_SetPriority
    stm32f4xx_hal_cortex.o(i.HAL_SYSTICK_Config) refers to stm32f4xx_hal_cortex.o(i.NVIC_SetPriority) for NVIC_SetPriority
    stm32f4xx_hal_cortex.o(i.HAL_SYSTICK_IRQHandler) refers to stm32f4xx_hal_cortex.o(i.HAL_SYSTICK_Callback) for HAL_SYSTICK_Callback
    stm32f4xx_hal_dma_ex.o(i.HAL_DMAEx_MultiBufferStart) refers to stm32f4xx_hal_dma_ex.o(i.DMA_MultiBufferSetConfig) for DMA_MultiBufferSetConfig
    stm32f4xx_hal_dma_ex.o(i.HAL_DMAEx_MultiBufferStart_IT) refers to stm32f4xx_hal_dma_ex.o(i.DMA_MultiBufferSetConfig) for DMA_MultiBufferSetConfig
    stm32f4xx_hal_flash.o(i.FLASH_SetErrorCode) refers to stm32f4xx_hal_flash.o(.bss) for .bss
    stm32f4xx_hal_flash.o(i.FLASH_WaitForLastOperation) refers to stm32f4xx_hal.o(i.HAL_GetTick) for HAL_GetTick
    stm32f4xx_hal_flash.o(i.FLASH_WaitForLastOperation) refers to stm32f4xx_hal_flash.o(i.FLASH_SetErrorCode) for FLASH_SetErrorCode
    stm32f4xx_hal_flash.o(i.FLASH_WaitForLastOperation) refers to stm32f4xx_hal_flash.o(.bss) for .bss
    stm32f4xx_hal_flash.o(i.HAL_FLASH_GetError) refers to stm32f4xx_hal_flash.o(.bss) for .bss
    stm32f4xx_hal_flash.o(i.HAL_FLASH_IRQHandler) refers to stm32f4xx_hal_flash.o(i.FLASH_SetErrorCode) for FLASH_SetErrorCode
    stm32f4xx_hal_flash.o(i.HAL_FLASH_IRQHandler) refers to stm32f4xx_hal_flash.o(i.HAL_FLASH_OperationErrorCallback) for HAL_FLASH_OperationErrorCallback
    stm32f4xx_hal_flash.o(i.HAL_FLASH_IRQHandler) refers to stm32f4xx_hal_flash.o(i.HAL_FLASH_EndOfOperationCallback) for HAL_FLASH_EndOfOperationCallback
    stm32f4xx_hal_flash.o(i.HAL_FLASH_IRQHandler) refers to stm32f4xx_hal_flash_ex.o(i.FLASH_Erase_Sector) for FLASH_Erase_Sector
    stm32f4xx_hal_flash.o(i.HAL_FLASH_IRQHandler) refers to stm32f4xx_hal_flash_ex.o(i.FLASH_FlushCaches) for FLASH_FlushCaches
    stm32f4xx_hal_flash.o(i.HAL_FLASH_IRQHandler) refers to stm32f4xx_hal_flash.o(.bss) for .bss
    stm32f4xx_hal_flash.o(i.HAL_FLASH_OB_Launch) refers to stm32f4xx_hal_flash.o(i.FLASH_WaitForLastOperation) for FLASH_WaitForLastOperation
    stm32f4xx_hal_flash.o(i.HAL_FLASH_Program) refers to stm32f4xx_hal_flash.o(i.FLASH_WaitForLastOperation) for FLASH_WaitForLastOperation
    stm32f4xx_hal_flash.o(i.HAL_FLASH_Program) refers to stm32f4xx_hal_flash.o(i.FLASH_Program_DoubleWord) for FLASH_Program_DoubleWord
    stm32f4xx_hal_flash.o(i.HAL_FLASH_Program) refers to stm32f4xx_hal_flash.o(i.FLASH_Program_Byte) for FLASH_Program_Byte
    stm32f4xx_hal_flash.o(i.HAL_FLASH_Program) refers to stm32f4xx_hal_flash.o(i.FLASH_Program_HalfWord) for FLASH_Program_HalfWord
    stm32f4xx_hal_flash.o(i.HAL_FLASH_Program) refers to stm32f4xx_hal_flash.o(i.FLASH_Program_Word) for FLASH_Program_Word
    stm32f4xx_hal_flash.o(i.HAL_FLASH_Program) refers to stm32f4xx_hal_flash.o(.bss) for .bss
    stm32f4xx_hal_flash.o(i.HAL_FLASH_Program_IT) refers to stm32f4xx_hal_flash.o(i.FLASH_Program_DoubleWord) for FLASH_Program_DoubleWord
    stm32f4xx_hal_flash.o(i.HAL_FLASH_Program_IT) refers to stm32f4xx_hal_flash.o(i.FLASH_Program_Byte) for FLASH_Program_Byte
    stm32f4xx_hal_flash.o(i.HAL_FLASH_Program_IT) refers to stm32f4xx_hal_flash.o(i.FLASH_Program_HalfWord) for FLASH_Program_HalfWord
    stm32f4xx_hal_flash.o(i.HAL_FLASH_Program_IT) refers to stm32f4xx_hal_flash.o(i.FLASH_Program_Word) for FLASH_Program_Word
    stm32f4xx_hal_flash.o(i.HAL_FLASH_Program_IT) refers to stm32f4xx_hal_flash.o(.bss) for .bss
    stm32f4xx_hal_rcc_ex.o(i.HAL_RCCEx_PeriphCLKConfig) refers to stm32f4xx_hal.o(i.HAL_GetTick) for HAL_GetTick
    stm32f4xx_hal_rcc_ex.o(i.HAL_RCC_DeInit) refers to stm32f4xx_hal.o(i.HAL_GetTick) for HAL_GetTick
    stm32f4xx_hal_rcc_ex.o(i.HAL_RCC_DeInit) refers to stm32f4xx_hal.o(i.HAL_InitTick) for HAL_InitTick
    stm32f4xx_hal_rcc_ex.o(i.HAL_RCC_DeInit) refers to system_stm32f4xx.o(.data) for SystemCoreClock
    stm32f4xx_hal_gpio.o(i.HAL_GPIO_EXTI_IRQHandler) refers to stm32f4xx_hal_gpio.o(i.HAL_GPIO_EXTI_Callback) for HAL_GPIO_EXTI_Callback
    stm32f4xx_hal_pwr.o(i.HAL_PWR_PVD_IRQHandler) refers to stm32f4xx_hal_pwr.o(i.HAL_PWR_PVDCallback) for HAL_PWR_PVDCallback
    stm32f4xx_hal.o(i.HAL_DeInit) refers to stm32f4xx_hal.o(i.HAL_MspDeInit) for HAL_MspDeInit
    stm32f4xx_hal.o(i.HAL_Delay) refers to stm32f4xx_hal.o(i.HAL_GetTick) for HAL_GetTick
    stm32f4xx_hal.o(i.HAL_GetTick) refers to stm32f4xx_hal.o(.data) for .data
    stm32f4xx_hal.o(i.HAL_IncTick) refers to stm32f4xx_hal.o(.data) for .data
    stm32f4xx_hal.o(i.HAL_Init) refers to stm32f4xx_hal_cortex.o(i.HAL_NVIC_SetPriorityGrouping) for HAL_NVIC_SetPriorityGrouping
    stm32f4xx_hal.o(i.HAL_Init) refers to stm32f4xx_hal.o(i.HAL_InitTick) for HAL_InitTick
[...]
    i.ADC_Init                               0x0800089c   Section        0  stm32f4xx_hal_adc.o(i.ADC_Init)
    ADC_Init                                 0x0800089d   Thumb Code   280  stm32f4xx_hal_adc.o(i.ADC_Init)
    i.BusFault_Handler                       0x080009c0   Section        0  stm32f4xx_it.o(i.BusFault_Handler)
    i.DebugMon_Handler                       0x080009c2   Section        0  stm32f4xx_it.o(i.DebugMon_Handler)
    i.EXTI15_10_IRQHandler                   0x080009c4   Section        0  stm32f4xx_it.o(i.EXTI15_10_IRQHandler)
    i.HAL_ADCEx_InjectedConvCpltCallback     0x08000a14   Section        0  stm32f4xx_hal_adc_ex.o(i.HAL_ADCEx_InjectedConvCpltCallback)
    i.HAL_ADC_ConfigChannel                  0x08000a18   Section        0  stm32f4xx_hal_adc.o(i.HAL_ADC_ConfigChannel)
    i.HAL_ADC_ConvCpltCallback               0x08000b64   Section        0  main.o(i.HAL_ADC_ConvCpltCallback)
    i.HAL_ADC_ErrorCallback                  0x08000bb4   Section        0  stm32f4xx_hal_adc.o(i.HAL_ADC_ErrorCallback)
    i.HAL_ADC_GetValue                       0x08000bb6   Section        0  stm32f4xx_hal_adc.o(i.HAL_ADC_GetValue)
    i.HAL_ADC_IRQHandler                     0x08000bbc   Section        0  stm32f4xx_hal_adc.o(i.HAL_ADC_IRQHandler)
    i.HAL_ADC_Init                           0x08000cf8   Section        0  stm32f4xx_hal_adc.o(i.HAL_ADC_Init)
    i.HAL_ADC_LevelOutOfWindowCallback       0x08000d4c   Section        0  stm32f4xx_hal_adc.o(i.HAL_ADC_LevelOutOfWindowCallback)
    i.HAL_ADC_MspInit                        0x08000d50   Section        0  adc.o(i.HAL_ADC_MspInit)
    i.HAL_ADC_PollForConversion              0x08000da4   Section        0  stm32f4xx_hal_adc.o(i.HAL_ADC_PollForConversion)
    i.HAL_ADC_Start_IT                       0x08000e48   Section        0  stm32f4xx_hal_adc.o(i.HAL_ADC_Start_IT)
    i.HAL_DMA_Abort_IT                       0x08000f10   Section        0  stm32f4xx_hal_dma.o(i.HAL_DMA_Abort_IT)
    i.HAL_GPIO_EXTI_Callback                 0x08000f34   Section        0  stm32f4xx_hal_gpio.o(i.HAL_GPIO_EXTI_Callback)
    i.HAL_GPIO_EXTI_IRQHandler               0x08000f38   Section        0  stm32f4xx_hal_gpio.o(i.HAL_GPIO_EXTI_IRQHandler)
    i.HAL_GPIO_Init                          0x08000f50   Section        0  stm32f4xx_hal_gpio.o(i.HAL_GPIO_Init)
    i.HAL_GPIO_TogglePin                     0x08001100   Section        0  stm32f4xx_hal_gpio.o(i.HAL_GPIO_TogglePin)
    i.HAL_GPIO_WritePin                      0x08001108   Section        0  stm32f4xx_hal_gpio.o(i.HAL_GPIO_WritePin)
    i.HAL_GetTick                            0x08001114   Section        0  stm32f4xx_hal.o(i.HAL_GetTick)
    i.HAL_I2C_Init                           0x08001120   Section        0  stm32f4xx_hal_i2c.o(i.HAL_I2C_Init)
    i.HAL_I2C_Master_Receive                 0x08001228   Section        0  stm32f4xx_hal_i2c.o(i.HAL_I2C_Master_Receive)
    i.HAL_I2C_Master_Transmit                0x08001410   Section        0  stm32f4xx_hal_i2c.o(i.HAL_I2C_Master_Transmit)
    i.HAL_I2C_MspInit                        0x08001548   Section        0  i2c.o(i.HAL_I2C_MspInit)
    i.HAL_IncTick                            0x080015b4   Section        0  stm32f4xx_hal.o(i.HAL_IncTick)
    i.HAL_Init                               0x080015c4   Section        0  stm32f4xx_hal.o(i.HAL_Init)
    i.HAL_InitTick                           0x080015f8   Section        0  stm32f4xx_hal.o(i.HAL_InitTick)
    i.HAL_MspInit                            0x08001620   Section        0  stm32f4xx_hal_msp.o(i.HAL_MspInit)
    i.HAL_NVIC_EnableIRQ                     0x08001678   Section        0  stm32f4xx_hal_cortex.o(i.HAL_NVIC_EnableIRQ)
    i.HAL_NVIC_SetPriority                   0x08001690   Section        0  stm32f4xx_hal_cortex.o(i.HAL_NVIC_SetPriority)
    i.HAL_NVIC_SetPriorityGrouping           0x080016d0   Section        0  stm32f4xx_hal_cortex.o(i.HAL_NVIC_SetPriorityGrouping)
    i.HAL_RCC_ClockConfig                    0x080016f4   Section        0  stm32f4xx_hal_rcc.o(i.HAL_RCC_ClockConfig)
    i.HAL_RCC_GetHCLKFreq                    0x08001824   Section        0  stm32f4xx_hal_rcc.o(i.HAL_RCC_GetHCLKFreq)
    i.HAL_RCC_GetPCLK1Freq                   0x08001830   Section        0  stm32f4xx_hal_rcc.o(i.HAL_RCC_GetPCLK1Freq)
    i.HAL_RCC_GetPCLK2Freq                   0x08001850   Section        0  stm32f4xx_hal_rcc.o(i.HAL_RCC_GetPCLK2Freq)
    i.HAL_RCC_GetSysClockFreq                0x08001870   Section        0  stm32f4xx_hal_rcc.o(i.HAL_RCC_GetSysClockFreq)
    i.HAL_RCC_OscConfig                      0x080018d0   Section        0  stm32f4xx_hal_rcc.o(i.HAL_RCC_OscConfig)
    i.HAL_SYSTICK_CLKSourceConfig            0x08001bc0   Section        0  stm32f4xx_hal_cortex.o(i.HAL_SYSTICK_CLKSourceConfig)
    i.HAL_SYSTICK_Callback                   0x08001bd8   Section        0  stm32f4xx_hal_cortex.o(i.HAL_SYSTICK_Callback)
    i.HAL_SYSTICK_Config                     0x08001bda   Section        0  stm32f4xx_hal_cortex.o(i.HAL_SYSTICK_Config)
    i.HAL_SYSTICK_IRQHandler                 0x08001c02   Section        0  stm32f4xx_hal_cortex.o(i.HAL_SYSTICK_IRQHandler)
    i.HAL_TIMEx_BreakCallback                0x08001c0a   Section        0  stm32f4xx_hal_tim_ex.o(i.HAL_TIMEx_BreakCallback)
    i.HAL_TIMEx_CommutationCallback          0x08001c0c   Section        0  stm32f4xx_hal_tim_ex.o(i.HAL_TIMEx_CommutationCallback)
    i.HAL_TIMEx_ConfigBreakDeadTime          0x08001c0e   Section        0  stm32f4xx_hal_tim_ex.o(i.HAL_TIMEx_ConfigBreakDeadTime)
    i.HAL_TIMEx_MasterConfigSynchronization  0x08001c68   Section        0  stm32f4xx_hal_tim_ex.o(i.HAL_TIMEx_MasterConfigSynchronization)
    i.HAL_TIM_Base_Init                      0x08001cb8   Section        0  stm32f4xx_hal_tim.o(i.HAL_TIM_Base_Init)
    i.HAL_TIM_Base_MspInit                   0x08001cf0   Section        0  tim.o(i.HAL_TIM_Base_MspInit)
    i.HAL_TIM_Base_Start_IT                  0x08001d80   Section        0  stm32f4xx_hal_tim.o(i.HAL_TIM_Base_Start_IT)
    i.HAL_TIM_ConfigClockSource              0x08001d98   Section        0  stm32f4xx_hal_tim.o(i.HAL_TIM_ConfigClockSource)
    i.HAL_TIM_Encoder_Init                   0x08001e8a   Section        0  stm32f4xx_hal_tim.o(i.HAL_TIM_Encoder_Init)
    i.HAL_TIM_Encoder_MspInit                0x08001f20   Section        0  tim.o(i.HAL_TIM_Encoder_MspInit)
    i.HAL_TIM_Encoder_Start_IT               0x08002024   Section        0  stm32f4xx_hal_tim.o(i.HAL_TIM_Encoder_Start_IT)
    i.HAL_TIM_IC_CaptureCallback             0x08002080   Section        0  stm32f4xx_hal_tim.o(i.HAL_TIM_IC_CaptureCallback)
    i.HAL_TIM_IRQHandler                     0x08002082   Section        0  stm32f4xx_hal_tim.o(i.HAL_TIM_IRQHandler)
    i.HAL_TIM_MspPostInit                    0x080021e8   Section        0  tim.o(i.HAL_TIM_MspPostInit)
    i.HAL_TIM_OC_DelayElapsedCallback        0x0800221c   Section        0  stm32f4xx_hal_tim.o(i.HAL_TIM_OC_DelayElapsedCallback)
    i.HAL_TIM_PWM_ConfigChannel              0x0800221e   Section        0  stm32f4xx_hal_tim.o(i.HAL_TIM_PWM_ConfigChannel)
    i.HAL_TIM_PWM_Init                       0x080022ee   Section        0  stm32f4xx_hal_tim.o(i.HAL_TIM_PWM_Init)
    i.HAL_TIM_PWM_MspInit                    0x08002324   Section        0  tim.o(i.HAL_TIM_PWM_MspInit)
    i.HAL_TIM_PWM_PulseFinishedCallback      0x0800234c   Section        0  stm32f4xx_hal_tim.o(i.HAL_TIM_PWM_PulseFinishedCallback)
    i.HAL_TIM_PWM_Start                      0x08002350   Section        0  stm32f4xx_hal_tim.o(i.HAL_TIM_PWM_Start)
    i.HAL_TIM_PWM_Stop                       0x08002388   Section        0  stm32f4xx_hal_tim.o(i.HAL_TIM_PWM_Stop)
    i.HAL_TIM_PeriodElapsedCallback          0x080023e4   Section        0  main.o(i.HAL_TIM_PeriodElapsedCallback)
    i.HAL_TIM_TriggerCallback                0x08002700   Section        0  stm32f4xx_hal_tim.o(i.HAL_TIM_TriggerCallback)
    i.HAL_UART_ErrorCallback                 0x08002702   Section        0  stm32f4xx_hal_uart.o(i.HAL_UART_ErrorCallback)
    i.HAL_UART_IRQHandler                    0x08002704   Section        0  stm32f4xx_hal_uart.o(i.HAL_UART_IRQHandler)
    i.HAL_UART_Init                          0x08002814   Section        0  stm32f4xx_hal_uart.o(i.HAL_UART_Init)
    i.HAL_UART_MspInit                       0x08002878   Section        0  usart.o(i.HAL_UART_MspInit)
    i.HAL_UART_Receive_IT                    0x08002948   Section        0  stm32f4xx_hal_uart.o(i.HAL_UART_Receive_IT)
    i.HAL_UART_RxCpltCallback                0x08002990   Section        0  main.o(i.HAL_UART_RxCpltCallback)
    i.HAL_UART_Transmit                      0x08002ba4   Section        0  stm32f4xx_hal_uart.o(i.HAL_UART_Transmit)
    i.HAL_UART_TxCpltCallback                0x08002c5e   Section        0  stm32f4xx_hal_uart.o(i.HAL_UART_TxCpltCallback)
    i.HardFault_Handler                      0x08002c60   Section        0  stm32f4xx_it.o(i.HardFault_Handler)
    i.I2C_IsAcknowledgeFailed                0x08002c62   Section        0  stm32f4xx_hal_i2c.o(i.I2C_IsAcknowledgeFailed)
    I2C_IsAcknowledgeFailed                  0x08002c63   Thumb Code    40  stm32f4xx_hal_i2c.o(i.I2C_IsAcknowledgeFailed)
    i.I2C_MasterRequestRead                  0x08002c8a   Section        0  stm32f4xx_hal_i2c.o(i.I2C_MasterRequestRead)
    I2C_MasterRequestRead                    0x08002c8b   Thumb Code   222  stm32f4xx_hal_i2c.o(i.I2C_MasterRequestRead)
    i.I2C_MasterRequestWrite                 0x08002d68   Section        0  stm32f4xx_hal_i2c.o(i.I2C_MasterRequestWrite)
    I2C_MasterRequestWrite                   0x08002d69   Thumb Code   142  stm32f4xx_hal_i2c.o(i.I2C_MasterRequestWrite)
    i.I2C_WaitOnBTFFlagUntilTimeout          0x08002dfc   Section        0  stm32f4xx_hal_i2c.o(i.I2C_WaitOnBTFFlagUntilTimeout)
    I2C_WaitOnBTFFlagUntilTimeout            0x08002dfd   Thumb Code    78  stm32f4xx_hal_i2c.o(i.I2C_WaitOnBTFFlagUntilTimeout)
    i.I2C_WaitOnFlagUntilTimeout             0x08002e4a   Section        0  stm32f4xx_hal_i2c.o(i.I2C_WaitOnFlagUntilTimeout)
    I2C_WaitOnFlagUntilTimeout               0x08002e4b   Thumb Code    96  stm32f4xx_hal_i2c.o(i.I2C_WaitOnFlagUntilTimeout)
    i.I2C_WaitOnMasterAddressFlagUntilTimeout 0x08002eac   Section        0  stm32f4xx_hal_i2c.o(i.I2C_WaitOnMasterAddressFlagUntilTimeout)
    I2C_WaitOnMasterAddressFlagUntilTimeout  0x08002ead   Thumb Code   136  stm32f4xx_hal_i2c.o(i.I2C_WaitOnMasterAddressFlagUntilTimeout)
    i.I2C_WaitOnRXNEFlagUntilTimeout         0x08002f34   Section        0  stm32f4xx_hal_i2c.o(i.I2C_WaitOnRXNEFlagUntilTimeout)
    I2C_WaitOnRXNEFlagUntilTimeout           0x08002f35   Thumb Code    98  stm32f4xx_hal_i2c.o(i.I2C_WaitOnRXNEFlagUntilTimeout)
    i.I2C_WaitOnTXEFlagUntilTimeout          0x08002f96   Section        0  stm32f4xx_hal_i2c.o(i.I2C_WaitOnTXEFlagUntilTimeout)
    I2C_WaitOnTXEFlagUntilTimeout            0x08002f97   Thumb Code    78  stm32f4xx_hal_i2c.o(i.I2C_WaitOnTXEFlagUntilTimeout)
    i.Initialize_MPUs                        0x08002fe4   Section        0  mpu6050.o(i.Initialize_MPUs)
    i.Initialize_Steppers                    0x08002ff8   Section        0  stepper_1.o(i.Initialize_Steppers)
    i.MPU6050_Initialize                     0x08003054   Section        0  mpu6050.o(i.MPU6050_Initialize)
    i.MPU_GET_VALUE                          0x08003328   Section        0  mpu6050.o(i.MPU_GET_VALUE)
    i.MPU_SHOW_DATA                          0x080034a4   Section        0  mpu6050.o(i.MPU_SHOW_DATA)
    i.MX_ADC1_Init                           0x080034a8   Section        0  adc.o(i.MX_ADC1_Init)
    i.MX_GPIO_Init                           0x08003518   Section        0  gpio.o(i.MX_GPIO_Init)
    i.MX_I2C1_Init                           0x08003648   Section        0  i2c.o(i.MX_I2C1_Init)
    i.MX_I2C2_Init                           0x0800369c   Section        0  i2c.o(i.MX_I2C2_Init)
    i.MX_TIM1_Init                           0x080036f0   Section        0  tim.o(i.MX_TIM1_Init)
    i.MX_TIM2_Init                           0x08003768   Section        0  tim.o(i.MX_TIM2_Init)
    i.MX_TIM3_Init                           0x080037dc   Section        0  tim.o(i.MX_TIM3_Init)
    i.MX_TIM4_Init                           0x08003850   Section        0  tim.o(i.MX_TIM4_Init)
    i.MX_TIM5_Init                           0x080038c4   Section        0  tim.o(i.MX_TIM5_Init)
    i.MX_TIM8_Init                           0x08003938   Section        0  tim.o(i.MX_TIM8_Init)
    i.MX_TIM9_Init                           0x080039e4   Section        0  tim.o(i.MX_TIM9_Init)
    i.MX_USART1_UART_Init                    0x08003a44   Section        0  usart.o(i.MX_USART1_UART_Init)
    i.MX_USART2_UART_Init                    0x08003a90   Section        0  usart.o(i.MX_USART2_UART_Init)
    i.MX_USART3_UART_Init                    0x08003adc   Section        0  usart.o(i.MX_USART3_UART_Init)
    i.MemManage_Handler                      0x08003b28   Section        0  stm32f4xx_it.o(i.MemManage_Handler)
    i.NMI_Handler                            0x08003b2a   Section        0  stm32f4xx_it.o(i.NMI_Handler)
    i.NVIC_SetPriority                       0x08003b2c   Section        0  stm32f4xx_hal_cortex.o(i.NVIC_SetPriority)
    NVIC_SetPriority                         0x08003b2d   Thumb Code    32  stm32f4xx_hal_cortex.o(i.NVIC_SetPriority)
    i.PID_calculate                          0x08003b4c   Section        0  pid.o(i.PID_calculate)
    i.PendSV_Handler                         0x08003c94   Section        0  stm32f4xx_it.o(i.PendSV_Handler)
    i.Pulse_Width_Calculator                 0x08003c96   Section        0  pid.o(i.Pulse_Width_Calculator)
    i.SVC_Handler                            0x08003ce2   Section        0  stm32f4xx_it.o(i.SVC_Handler)
    i.SysTick_Handler                        0x08003ce4   Section        0  stm32f4xx_it.o(i.SysTick_Handler)
    i.SystemClock_Config                     0x08003cf4   Section        0  main.o(i.SystemClock_Config)
    i.SystemInit                             0x08003d90   Section        0  system_stm32f4xx.o(i.SystemInit)
    i.TIM1_BRK_TIM9_IRQHandler               0x08003de4   Section        0  stm32f4xx_it.o(i.TIM1_BRK_TIM9_IRQHandler)
    i.TIM1_CC_IRQHandler                     0x08003e00   Section        0  stm32f4xx_it.o(i.TIM1_CC_IRQHandler)
    i.TIM1_TRG_COM_TIM11_IRQHandler          0x08003ea4   Section        0  stm32f4xx_it.o(i.TIM1_TRG_COM_TIM11_IRQHandler)
    i.TIM1_UP_TIM10_IRQHandler               0x08003eb0   Section        0  stm32f4xx_it.o(i.TIM1_UP_TIM10_IRQHandler)
    i.TIM2_IRQHandler                        0x08003ed8   Section        0  stm32f4xx_it.o(i.TIM2_IRQHandler)
    i.TIM3_IRQHandler                        0x08003f14   Section        0  stm32f4xx_it.o(i.TIM3_IRQHandler)
    i.TIM4_IRQHandler                        0x08003f84   Section        0  stm32f4xx_it.o(i.TIM4_IRQHandler)
    i.TIM5_IRQHandler                        0x08003f90   Section        0  stm32f4xx_it.o(i.TIM5_IRQHandler)
    i.TIM_Base_SetConfig                     0x08003f9c   Section        0  stm32f4xx_hal_tim.o(i.TIM_Base_SetConfig)
    i.TIM_CCxChannelCmd                      0x0800405c   Section        0  stm32f4xx_hal_tim.o(i.TIM_CCxChannelCmd)
    i.TIM_ETR_SetConfig                      0x08004072   Section        0  stm32f4xx_hal_tim.o(i.TIM_ETR_SetConfig)
    TIM_ETR_SetConfig                        0x08004073   Thumb Code    20  stm32f4xx_hal_tim.o(i.TIM_ETR_SetConfig)
    i.TIM_ITRx_SetConfig                     0x08004086   Section        0  stm32f4xx_hal_tim.o(i.TIM_ITRx_SetConfig)
    TIM_ITRx_SetConfig                       0x08004087   Thumb Code    16  stm32f4xx_hal_tim.o(i.TIM_ITRx_SetConfig)
    i.TIM_OC1_SetConfig                      0x08004098   Section        0  stm32f4xx_hal_tim.o(i.TIM_OC1_SetConfig)
    TIM_OC1_SetConfig                        0x08004099   Thumb Code    80  stm32f4xx_hal_tim.o(i.TIM_OC1_SetConfig)
    i.TIM_OC2_SetConfig                      0x080040f0   Section        0  stm32f4xx_hal_tim.o(i.TIM_OC2_SetConfig)
    i.TIM_OC3_SetConfig                      0x08004154   Section        0  stm32f4xx_hal_tim.o(i.TIM_OC3_SetConfig)
    TIM_OC3_SetConfig                        0x08004155   Thumb Code    88  stm32f4xx_hal_tim.o(i.TIM_OC3_SetConfig)
    i.TIM_OC4_SetConfig                      0x080041b4   Section        0  stm32f4xx_hal_tim.o(i.TIM_OC4_SetConfig)
    TIM_OC4_SetConfig                        0x080041b5   Thumb Code    70  stm32f4xx_hal_tim.o(i.TIM_OC4_SetConfig)
    i.TIM_TI1_ConfigInputStage               0x08004204   Section        0  stm32f4xx_hal_tim.o(i.TIM_TI1_ConfigInputStage)
    TIM_TI1_ConfigInputStage                 0x08004205   Thumb Code    34  stm32f4xx_hal_tim.o(i.TIM_TI1_ConfigInputStage)
    i.TIM_TI2_ConfigInputStage               0x08004226   Section        0  stm32f4xx_hal_tim.o(i.TIM_TI2_ConfigInputStage)
    TIM_TI2_ConfigInputStage                 0x08004227   Thumb Code    36  stm32f4xx_hal_tim.o(i.TIM_TI2_ConfigInputStage)
    i.UART_DMAAbortOnError                   0x0800424a   Section        0  stm32f4xx_hal_uart.o(i.UART_DMAAbortOnError)
    UART_DMAAbortOnError                     0x0800424b   Thumb Code    16  stm32f4xx_hal_uart.o(i.UART_DMAAbortOnError)
    i.UART_EndRxTransfer                     0x0800425a   Section        0  stm32f4xx_hal_uart.o(i.UART_EndRxTransfer)
    UART_EndRxTransfer                       0x0800425b   Thumb Code    28  stm32f4xx_hal_uart.o(i.UART_EndRxTransfer)
    i.UART_Receive_IT                        0x08004276   Section        0  stm32f4xx_hal_uart.o(i.UART_Receive_IT)
    UART_Receive_IT                          0x08004277   Thumb Code   140  stm32f4xx_hal_uart.o(i.UART_Receive_IT)
    i.UART_SetConfig                         0x08004304   Section        0  stm32f4xx_hal_uart.o(i.UART_SetConfig)
    UART_SetConfig                           0x08004305   Thumb Code   676  stm32f4xx_hal_uart.o(i.UART_SetConfig)
    i.UART_Transmit_IT                       0x080045b0   Section        0  stm32f4xx_hal_uart.o(i.UART_Transmit_IT)
    UART_Transmit_IT                         0x080045b1   Thumb Code    98  stm32f4xx_hal_uart.o(i.UART_Transmit_IT)
    i.UART_WaitOnFlagUntilTimeout            0x08004612   Section        0  stm32f4xx_hal_uart.o(i.UART_WaitOnFlagUntilTimeout)
    UART_WaitOnFlagUntilTimeout              0x08004613   Thumb Code   100  stm32f4xx_hal_uart.o(i.UART_WaitOnFlagUntilTimeout)
    i.USART1_IRQHandler                      0x08004678   Section        0  stm32f4xx_it.o(i.USART1_IRQHandler)
    i.USART2_IRQHandler                      0x08004684   Section        0  stm32f4xx_it.o(i.USART2_IRQHandler)
    i.USART3_IRQHandler                      0x08004690   Section        0  stm32f4xx_it.o(i.USART3_IRQHandler)
    i.UsageFault_Handler                     0x0800469c   Section        0  stm32f4xx_it.o(i.UsageFault_Handler)
    i._Error_Handler                         0x0800469e   Section        0  main.o(i._Error_Handler)
    i.__0sprintf$1                           0x080046a0   Section        0  printf1.o(i.__0sprintf$1)
    i.__ARM_fpclassify                       0x080046c8   Section        0  fpclassify.o(i.__ARM_fpclassify)
    i.__hardfp_asin                          0x080046f8   Section        0  asin.o(i.__hardfp_asin)
    i.__hardfp_sqrt                          0x08004a58   Section        0  sqrt.o(i.__hardfp_sqrt)
    i.__kernel_poly                          0x08004ad2   Section        0  poly.o(i.__kernel_poly)
    i.__mathlib_dbl_infnan                   0x08004bca   Section        0  dunder.o(i.__mathlib_dbl_infnan)
    i.__mathlib_dbl_invalid                  0x08004be0   Section        0  dunder.o(i.__mathlib_dbl_invalid)
    i.__mathlib_dbl_underflow                0x08004c00   Section        0  dunder.o(i.__mathlib_dbl_underflow)
    i.__scatterload_copy                     0x08004c20   Section       14  handlers.o(i.__scatterload_copy)
    i.__scatterload_null                     0x08004c2e   Section        2  handlers.o(i.__scatterload_null)
    i.__scatterload_zeroinit                 0x08004c30   Section       14  handlers.o(i.__scatterload_zeroinit)
    i.__set_errno                            0x08004c40   Section        0  errno.o(i.__set_errno)
    i._printf_core                           0x08004c4c   Section        0  printf1.o(i._printf_core)
    _printf_core                             0x08004c4d   Thumb Code   336  printf1.o(i._printf_core)
    i._sputc                                 0x08004da0   Section        0  printf1.o(i._sputc)
    _sputc                                   0x08004da1   Thumb Code    10  printf1.o(i._sputc)
    i.distance_travelled                     0x08004dac   Section        0  stepper_1.o(i.distance_travelled)
    i.fabs                                   0x08004dd0   Section        0  fabs.o(i.fabs)
    i.main                                   0x08004de8   Section        0  main.o(i.main)
    i.pid                                    0x08004f14   Section        0  stepper_1.o(i.pid)
    i.set_rotor_angle                        0x0800504c   Section        0  stepper_1.o(i.set_rotor_angle)
    i.sqrt                                   0x080050a8   Section        0  sqrt.o(i.sqrt)
    .constdata                               0x08005116   Section       16  system_stm32f4xx.o(.constdata)
    .constdata                               0x08005126   Section        8  system_stm32f4xx.o(.constdata)
    .constdata                               0x08005130   Section       80  asin.o(.constdata)
    pS                                       0x08005130   Data          48  asin.o(.constdata)
    qS                                       0x08005160   Data          32  asin.o(.constdata)
    .data                                    0x20000000   Section        4  stm32f4xx_hal.o(.data)
    .data                                    0x20000004   Section       72  main.o(.data)
    .data                                    0x2000004c   Section        4  main.o(.data)
    .data                                    0x20000050   Section        4  main.o(.data)
    .data                                    0x20000054   Section        4  main.o(.data)
    .data                                    0x20000058   Section        4  main.o(.data)
    .data                                    0x2000005c   Section        4  main.o(.data)
    .data                                    0x20000060   Section        4  main.o(.data)
    .data                                    0x20000064   Section        1  main.o(.data)
    .data                                    0x20000068   Section       36  stm32f4xx_it.o(.data)
    .data                                    0x2000008c   Section       52  stepper_1.o(.data)
    .data                                    0x200000c0   Section        4  mpu6050.o(.data)
    .data                                    0x200000c8   Section        8  mpu6050.o(.data)
    .data                                    0x200000d0   Section        8  mpu6050.o(.data)
    .data                                    0x200000d8   Section        4  system_stm32f4xx.o(.data)
    .data                                    0x200000dc   Section        4  errno.o(.data)
    _errno                                   0x200000dc   Data           4  errno.o(.data)
    .bss                                     0x200000e0   Section      588  main.o(.bss)
    .bss                                     0x2000032c   Section      420  tim.o(.bss)
    .bss                                     0x200004d0   Section      192  usart.o(.bss)
    .bss                                     0x20000590   Section      168  i2c.o(.bss)
    .bss                                     0x20000638   Section       72  adc.o(.bss)
    STACK                                    0x20000680   Section     1024  startup_stm32f407xx.o(STACK)

    Global Symbols

    Symbol Name                              Value     Ov Type        Size  Object(Section)

    BuildAttributes$$THM_ISAv4$E$P$D$K$B$S$7EM$VFPi3$EXTD16$VFPS$VFMA$PE$A:L22UL41UL21$X:L11$S22US41US21$IEEE1$IW$USESV6$~STKCKD$USESV7$~SHL$OTIME$ROPI$IEEEX$EBA8$MICROLIB$REQ8$PRES8$EABIv2 0x00000000   Number         0  anon$$obj.o ABSOLUTE
    __ARM_use_no_argv                        0x00000000   Number         0  main.o ABSOLUTE
    _printf_a                                0x00000000   Number         0  stubs.o ABSOLUTE
    _printf_c                                0x00000000   Number         0  stubs.o ABSOLUTE
    _printf_charcount                        0x00000000   Number         0  stubs.o ABSOLUTE
    _printf_d                                0x00000000   Number         0  stubs.o ABSOLUTE
    _printf_e                                0x00000000   Number         0  stubs.o ABSOLUTE
    _printf_f                                0x00000000   Number         0  stubs.o ABSOLUTE
    _printf_flags                            0x00000000   Number         0  stubs.o ABSOLUTE
    _printf_fp_dec                           0x00000000   Number         0  stubs.o ABSOLUTE
    _printf_fp_hex                           0x00000000   Number         0  stubs.o ABSOLUTE
    _printf_g                                0x00000000   Number         0  stubs.o ABSOLUTE
    _printf_i                                0x00000000   Number         0  stubs.o ABSOLUTE
    _printf_int_dec                          0x00000000   Number         0  stubs.o ABSOLUTE
    _printf_l                                0x00000000   Number         0  stubs.o ABSOLUTE
    _printf_lc                               0x00000000   Number         0  stubs.o ABSOLUTE
    _printf_ll                               0x00000000   Number         0  stubs.o ABSOLUTE
    _printf_lld                              0x00000000   Number         0  stubs.o ABSOLUTE
    _printf_lli                              0x00000000   Number         0  stubs.o ABSOLUTE
    _printf_llo                              0x00000000   Number         0  stubs.o ABSOLUTE
    _printf_llu                              0x00000000   Number         0  stubs.o ABSOLUTE
    _printf_llx                              0x00000000   Number         0  stubs.o ABSOLUTE
    _printf_longlong_dec                     0x00000000   Number         0  stubs.o ABSOLUTE
    _printf_longlong_hex                     0x00000000   Number         0  stubs.o ABSOLUTE
    _printf_longlong_oct                     0x00000000   Number         0  stubs.o ABSOLUTE
    _printf_ls                               0x00000000   Number         0  stubs.o ABSOLUTE
    _printf_mbtowc                           0x00000000   Number         0  stubs.o ABSOLUTE
    _printf_n                                0x00000000   Number         0  stubs.o ABSOLUTE
    _printf_o                                0x00000000   Number         0  stubs.o ABSOLUTE
    _printf_p                                0x00000000   Number         0  stubs.o ABSOLUTE
    _printf_percent                          0x00000000   Number         0  stubs.o ABSOLUTE
    _printf_pre_padding                      0x00000000   Number         0  stubs.o ABSOLUTE
    _printf_return_value                     0x00000000   Number         0  stubs.o ABSOLUTE
    _printf_s                                0x00000000   Number         0  stubs.o ABSOLUTE
    _printf_sizespec                         0x00000000   Number         0  stubs.o ABSOLUTE
    _printf_str                              0x00000000   Number         0  stubs.o ABSOLUTE
    _printf_truncate_signed                  0x00000000   Number         0  stubs.o ABSOLUTE
    _printf_truncate_unsigned                0x00000000   Number         0  stubs.o ABSOLUTE
    _printf_u                                0x00000000   Number         0  stubs.o ABSOLUTE
    _printf_wc                               0x00000000   Number         0  stubs.o ABSOLUTE
    _printf_wctomb                           0x00000000   Number         0  stubs.o ABSOLUTE
    _printf_widthprec                        0x00000000   Number         0  stubs.o ABSOLUTE
    _printf_x                                0x00000000   Number         0  stubs.o ABSOLUTE
    __cpp_initialize__aeabi_                  - Undefined Weak Reference
    __cxa_finalize                            - Undefined Weak Reference
    __decompress                              - Undefined Weak Reference
    _clock_init                               - Undefined Weak Reference
    _microlib_exit                            - Undefined Weak Reference
    __Vectors_Size                           0x00000188   Number         0  startup_stm32f407xx.o ABSOLUTE
    __Vectors                                0x08000000   Data           4  startup_stm32f407xx.o(RESET)
    __Vectors_End                            0x08000188   Data           0  startup_stm32f407xx.o(RESET)
    __main                                   0x08000189   Thumb Code     0  entry.o(.ARM.Collect$$$$00000000)
    _main_stk                                0x08000189   Thumb Code     0  entry2.o(.ARM.Collect$$$$00000001)
    _main_scatterload                        0x0800018d   Thumb Code     0  entry5.o(.ARM.Collect$$$$00000004)
    __main_after_scatterload                 0x08000191   Thumb Code     0  entry5.o(.ARM.Collect$$$$00000004)
    _main_clock                              0x08000191   Thumb Code     0  entry7b.o(.ARM.Collect$$$$00000008)
    _main_cpp_init                           0x08000191   Thumb Code     0  entry8b.o(.ARM.Collect$$$$0000000A)
    _main_init                               0x08000191   Thumb Code     0  entry9a.o(.ARM.Collect$$$$0000000B)
    __rt_final_cpp                           0x08000199   Thumb Code     0  entry10a.o(.ARM.Collect$$$$0000000D)
    __rt_final_exit                          0x08000199   Thumb Code     0  entry11a.o(.ARM.Collect$$$$0000000F)
    Reset_Handler                            0x0800019d   Thumb Code     8  startup_stm32f407xx.o(.text)
    CAN1_RX0_IRQHandler                      0x080001b7   Thumb Code     0  startup_stm32f407xx.o(.text)
    CAN1_RX1_IRQHandler                      0x080001b7   Thumb Code     0  startup_stm32f407xx.o(.text)
    CAN1_SCE_IRQHandler                      0x080001b7   Thumb Code     0  startup_stm32f407xx.o(.text)
    CAN1_TX_IRQHandler                       0x080001b7   Thumb Code     0  startup_stm32f407xx.o(.text)
    CAN2_RX0_IRQHandler                      0x080001b7   Thumb Code     0  startup_stm32f407xx.o(.text)
    CAN2_RX1_IRQHandler                      0x080001b7   Thumb Code     0  startup_stm32f407xx.o(.text)
    CAN2_SCE_IRQHandler                      0x080001b7   Thumb Code     0  startup_stm32f407xx.o(.text)
    CAN2_TX_IRQHandler                       0x080001b7   Thumb Code     0  startup_stm32f407xx.o(.text)
    DCMI_IRQHandler                          0x080001b7   Thumb Code     0  startup_stm32f407xx.o(.text)
    DMA1_Stream0_IRQHandler                  0x080001b7   Thumb Code     0  startup_stm32f407xx.o(.text)
    DMA1_Stream1_IRQHandler                  0x080001b7   Thumb Code     0  startup_stm32f407xx.o(.text)
    DMA1_Stream2_IRQHandler                  0x080001b7   Thumb Code     0  startup_stm32f407xx.o(.text)
    DMA1_Stream3_IRQHandler                  0x080001b7   Thumb Code     0  startup_stm32f407xx.o(.text)
    DMA1_Stream4_IRQHandler                  0x080001b7   Thumb Code     0  startup_stm32f407xx.o(.text)
    DMA1_Stream5_IRQHandler                  0x080001b7   Thumb Code     0  startup_stm32f407xx.o(.text)
    DMA1_Stream6_IRQHandler                  0x080001b7   Thumb Code     0  startup_stm32f407xx.o(.text)
    DMA1_Stream7_IRQHandler                  0x080001b7   Thumb Code     0  startup_stm32f407xx.o(.text)
    DMA2_Stream0_IRQHandler                  0x080001b7   Thumb Code     0  startup_stm32f407xx.o(.text)
    DMA2_Stream1_IRQHandler                  0x080001b7   Thumb Code     0  startup_stm32f407xx.o(.text)
    DMA2_Stream2_IRQHandler                  0x080001b7   Thumb Code     0  startup_stm32f407xx.o(.text)
    DMA2_Stream3_IRQHandler                  0x080001b7   Thumb Code     0  startup_stm32f407xx.o(.text)
    DMA2_Stream4_IRQHandler                  0x080001b7   Thumb Code     0  startup_stm32f407xx.o(.text)
    DMA2_Stream5_IRQHandler                  0x080001b7   Thumb Code     0  startup_stm32f407xx.o(.text)
    DMA2_Stream6_IRQHandler                  0x080001b7   Thumb Code     0  startup_stm32f407xx.o(.text)
    DMA2_Stream7_IRQHandler                  0x080001b7   Thumb Code     0  startup_stm32f407xx.o(.text)
    ETH_IRQHandler                           0x080001b7   Thumb Code     0  startup_stm32f407xx.o(.text)
    ETH_WKUP_IRQHandler                      0x080001b7   Thumb Code     0  startup_stm32f407xx.o(.text)
    EXTI0_IRQHandler                         0x080001b7   Thumb Code     0  startup_stm32f407xx.o(.text)
    EXTI1_IRQHandler                         0x080001b7   Thumb Code     0  startup_stm32f407xx.o(.text)
    EXTI2_IRQHandler                         0x080001b7   Thumb Code     0  startup_stm32f407xx.o(.text)
    EXTI3_IRQHandler                         0x080001b7   Thumb Code     0  startup_stm32f407xx.o(.text)
    EXTI4_IRQHandler                         0x080001b7   Thumb Code     0  startup_stm32f407xx.o(.text)
    EXTI9_5_IRQHandler                       0x080001b7   Thumb Code     0  startup_stm32f407xx.o(.text)
    FLASH_IRQHandler                         0x080001b7   Thumb Code     0  startup_stm32f407xx.o(.text)
    FMC_IRQHandler                           0x080001b7   Thumb Code     0  startup_stm32f407xx.o(.text)
    FPU_IRQHandler                           0x080001b7   Thumb Code     0  startup_stm32f407xx.o(.text)
    HASH_RNG_IRQHandler                      0x080001b7   Thumb Code     0  startup_stm32f407xx.o(.text)
    I2C1_ER_IRQHandler                       0x080001b7   Thumb Code     0  startup_stm32f407xx.o(.text)
    I2C1_EV_IRQHandler                       0x080001b7   Thumb Code     0  startup_stm32f407xx.o(.text)
    I2C2_ER_IRQHandler                       0x080001b7   Thumb Code     0  startup_stm32f407xx.o(.text)
    I2C2_EV_IRQHandler                       0x080001b7   Thumb Code     0  startup_stm32f407xx.o(.text)
    I2C3_ER_IRQHandler                       0x080001b7   Thumb Code     0  startup_stm32f407xx.o(.text)
    I2C3_EV_IRQHandler                       0x080001b7   Thumb Code     0  startup_stm32f407xx.o(.text)
    OTG_FS_IRQHandler                        0x080001b7   Thumb Code     0  startup_stm32f407xx.o(.text)
    OTG_FS_WKUP_IRQHandler                   0x080001b7   Thumb Code     0  startup_stm32f407xx.o(.text)
    OTG_HS_EP1_IN_IRQHandler                 0x080001b7   Thumb Code     0  startup_stm32f407xx.o(.text)
    OTG_HS_EP1_OUT_IRQHandler                0x080001b7   Thumb Code     0  startup_stm32f407xx.o(.text)
    OTG_HS_IRQHandler                        0x080001b7   Thumb Code     0  startup_stm32f407xx.o(.text)
    OTG_HS_WKUP_IRQHandler                   0x080001b7   Thumb Code     0  startup_stm32f407xx.o(.text)
    PVD_IRQHandler                           0x080001b7   Thumb Code     0  startup_stm32f407xx.o(.text)
    RCC_IRQHandler                           0x080001b7   Thumb Code     0  startup_stm32f407xx.o(.text)
    RTC_Alarm_IRQHandler                     0x080001b7   Thumb Code     0  startup_stm32f407xx.o(.text)
    RTC_WKUP_IRQHandler                      0x080001b7   Thumb Code     0  startup_stm32f407xx.o(.text)
    SDIO_IRQHandler                          0x080001b7   Thumb Code     0  startup_stm32f407xx.o(.text)
    SPI1_IRQHandler                          0x080001b7   Thumb Code     0  startup_stm32f407xx.o(.text)
    SPI2_IRQHandler                          0x080001b7   Thumb Code     0  startup_stm32f407xx.o(.text)
    SPI3_IRQHandler                          0x080001b7   Thumb Code     0  startup_stm32f407xx.o(.text)
    TAMP_STAMP_IRQHandler                    0x080001b7   Thumb Code     0  startup_stm32f407xx.o(.text)
    TIM6_DAC_IRQHandler                      0x080001b7   Thumb Code     0  startup_stm32f407xx.o(.text)
    TIM7_IRQHandler                          0x080001b7   Thumb Code     0  startup_stm32f407xx.o(.text)
    TIM8_BRK_TIM12_IRQHandler                0x080001b7   Thumb Code     0  startup_stm32f407xx.o(.text)
    TIM8_CC_IRQHandler                       0x080001b7   Thumb Code     0  startup_stm32f407xx.o(.text)
    TIM8_TRG_COM_TIM14_IRQHandler            0x080001b7   Thumb Code     0  startup_stm32f407xx.o(.text)
    TIM8_UP_TIM13_IRQHandler                 0x080001b7   Thumb Code     0  startup_stm32f407xx.o(.text)
    UART4_IRQHandler                         0x080001b7   Thumb Code     0  startup_stm32f407xx.o(.text)
    UART5_IRQHandler                         0x080001b7   Thumb Code     0  startup_stm32f407xx.o(.text)
    USART6_IRQHandler                        0x080001b7   Thumb Code     0  startup_stm32f407xx.o(.text)
    WWDG_IRQHandler                          0x080001b7   Thumb Code     0  startup_stm32f407xx.o(.text)
    __aeabi_uldivmod                         0x080001c1   Thumb Code    98  uldiv.o(.text)
    __aeabi_memcpy                           0x08000223   Thumb Code    36  memcpya.o(.text)
    __aeabi_memcpy4                          0x08000223   Thumb Code     0  memcpya.o(.text)
    __aeabi_memcpy8                          0x08000223   Thumb Code     0  memcpya.o(.text)
    __aeabi_dadd                             0x08000247   Thumb Code   322  dadd.o(.text)
    __aeabi_dsub                             0x08000389   Thumb Code     6  dadd.o(.text)
    __aeabi_drsub                            0x0800038f   Thumb Code     6  dadd.o(.text)
    __aeabi_dmul                             0x08000395   Thumb Code   228  dmul.o(.text)
    __aeabi_ddiv                             0x08000479   Thumb Code   222  ddiv.o(.text)
    __aeabi_i2d                              0x08000557   Thumb Code    34  dflti.o(.text)
    __aeabi_d2iz                             0x08000579   Thumb Code    62  dfixi.o(.text)
    __aeabi_f2d                              0x080005b7   Thumb Code    38  f2d.o(.text)
    __aeabi_d2f                              0x080005dd   Thumb Code    56  d2f.o(.text)
    __aeabi_uidiv                            0x08000615   Thumb Code     0  uidiv.o(.text)
    __aeabi_uidivmod                         0x08000615   Thumb Code    44  uidiv.o(.text)
    __aeabi_llsl                             0x08000641   Thumb Code    30  llshl.o(.text)
    _ll_shift_l                              0x08000641   Thumb Code     0  llshl.o(.text)
    __aeabi_llsr                             0x0800065f   Thumb Code    32  llushr.o(.text)
    _ll_ushift_r                             0x0800065f   Thumb Code     0  llushr.o(.text)
    __aeabi_lasr                             0x0800067f   Thumb Code    36  llsshr.o(.text)
    _ll_sshift_r                             0x0800067f   Thumb Code     0  llsshr.o(.text)
    __I$use$fp                               0x080006a3   Thumb Code     0  iusefp.o(.text)
    _float_round                             0x080006a3   Thumb Code    18  fepilogue.o(.text)
    _float_epilogue                          0x080006b5   Thumb Code    92  fepilogue.o(.text)
    _double_round                            0x08000711   Thumb Code    30  depilogue.o(.text)
    _double_epilogue                         0x0800072f   Thumb Code   156  depilogue.o(.text)
    _dsqrt                                   0x080007cb   Thumb Code   162  dsqrt.o(.text)
    __scatterload                            0x0800086d   Thumb Code    28  init.o(.text)
    __scatterload_rt2                        0x0800086d   Thumb Code     0  init.o(.text)
    ADC_IRQHandler                           0x08000891   Thumb Code     6  stm32f4xx_it.o(i.ADC_IRQHandler)
    BusFault_Handler                         0x080009c1   Thumb Code     2  stm32f4xx_it.o(i.BusFault_Handler)
    DebugMon_Handler                         0x080009c3   Thumb Code     2  stm32f4xx_it.o(i.DebugMon_Handler)
    EXTI15_10_IRQHandler                     0x080009c5   Thumb Code    60  stm32f4xx_it.o(i.EXTI15_10_IRQHandler)
    HAL_ADCEx_InjectedConvCpltCallback       0x08000a15   Thumb Code     2  stm32f4xx_hal_adc_ex.o(i.HAL_ADCEx_InjectedConvCpltCallback)
    HAL_ADC_ConfigChannel                    0x08000a19   Thumb Code   316  stm32f4xx_hal_adc.o(i.HAL_ADC_ConfigChannel)
    HAL_ADC_ConvCpltCallback                 0x08000b65   Thumb Code    62  main.o(i.HAL_ADC_ConvCpltCallback)
    HAL_ADC_ErrorCallback                    0x08000bb5   Thumb Code     2  stm32f4xx_hal_adc.o(i.HAL_ADC_ErrorCallback)
    HAL_ADC_GetValue                         0x08000bb7   Thumb Code     6  stm32f4xx_hal_adc.o(i.HAL_ADC_GetValue)
    HAL_ADC_IRQHandler                       0x08000bbd   Thumb Code   316  stm32f4xx_hal_adc.o(i.HAL_ADC_IRQHandler)
    HAL_ADC_Init                             0x08000cf9   Thumb Code    84  stm32f4xx_hal_adc.o(i.HAL_ADC_Init)
    HAL_ADC_LevelOutOfWindowCallback         0x08000d4d   Thumb Code     2  stm32f4xx_hal_adc.o(i.HAL_ADC_LevelOutOfWindowCallback)
    HAL_ADC_MspInit                          0x08000d51   Thumb Code    70  adc.o(i.HAL_ADC_MspInit)
    HAL_ADC_PollForConversion                0x08000da5   Thumb Code   162  stm32f4xx_hal_adc.o(i.HAL_ADC_PollForConversion)
    HAL_ADC_Start_IT                         0x08000e49   Thumb Code   180  stm32f4xx_hal_adc.o(i.HAL_ADC_Start_IT)
    HAL_DMA_Abort_IT                         0x08000f11   Thumb Code    36  stm32f4xx_hal_dma.o(i.HAL_DMA_Abort_IT)
    HAL_GPIO_EXTI_Callback                   0x08000f35   Thumb Code     2  stm32f4xx_hal_gpio.o(i.HAL_GPIO_EXTI_Callback)
    HAL_GPIO_EXTI_IRQHandler                 0x08000f39   Thumb Code    18  stm32f4xx_hal_gpio.o(i.HAL_GPIO_EXTI_IRQHandler)
    HAL_GPIO_Init                            0x08000f51   Thumb Code   388  stm32f4xx_hal_gpio.o(i.HAL_GPIO_Init)
    HAL_GPIO_TogglePin                       0x08001101   Thumb Code     8  stm32f4xx_hal_gpio.o(i.HAL_GPIO_TogglePin)
    HAL_GPIO_WritePin                        0x08001109   Thumb Code    10  stm32f4xx_hal_gpio.o(i.HAL_GPIO_WritePin)
    HAL_GetTick                              0x08001115   Thumb Code     6  stm32f4xx_hal.o(i.HAL_GetTick)
    HAL_I2C_Init                             0x08001121   Thumb Code   254  stm32f4xx_hal_i2c.o(i.HAL_I2C_Init)
    HAL_I2C_Master_Receive                   0x08001229   Thumb Code   474  stm32f4xx_hal_i2c.o(i.HAL_I2C_Master_Receive)
    HAL_I2C_Master_Transmit                  0x08001411   Thumb Code   304  stm32f4xx_hal_i2c.o(i.HAL_I2C_Master_Transmit)
    HAL_I2C_MspInit                          0x08001549   Thumb Code    92  i2c.o(i.HAL_I2C_MspInit)
    HAL_IncTick                              0x080015b5   Thumb Code    10  stm32f4xx_hal.o(i.HAL_IncTick)
    HAL_Init                                 0x080015c5   Thumb Code    48  stm32f4xx_hal.o(i.HAL_Init)
    HAL_InitTick                             0x080015f9   Thumb Code    34  stm32f4xx_hal.o(i.HAL_InitTick)
    HAL_MspInit                              0x08001621   Thumb Code    88  stm32f4xx_hal_msp.o(i.HAL_MspInit)
    HAL_NVIC_EnableIRQ                       0x08001679   Thumb Code    22  stm32f4xx_hal_cortex.o(i.HAL_NVIC_EnableIRQ)
    HAL_NVIC_SetPriority                     0x08001691   Thumb Code    60  stm32f4xx_hal_cortex.o(i.HAL_NVIC_SetPriority)
    HAL_NVIC_SetPriorityGrouping             0x080016d1   Thumb Code    26  stm32f4xx_hal_cortex.o(i.HAL_NVIC_SetPriorityGrouping)
    HAL_RCC_ClockConfig                      0x080016f5   Thumb Code   286  stm32f4xx_hal_rcc.o(i.HAL_RCC_ClockConfig)
    HAL_RCC_GetHCLKFreq                      0x08001825   Thumb Code     6  stm32f4xx_hal_rcc.o(i.HAL_RCC_GetHCLKFreq)
    HAL_RCC_GetPCLK1Freq                     0x08001831   Thumb Code    20  stm32f4xx_hal_rcc.o(i.HAL_RCC_GetPCLK1Freq)
    HAL_RCC_GetPCLK2Freq                     0x08001851   Thumb Code    20  stm32f4xx_hal_rcc.o(i.HAL_RCC_GetPCLK2Freq)
    HAL_RCC_GetSysClockFreq                  0x08001871   Thumb Code    88  stm32f4xx_hal_rcc.o(i.HAL_RCC_GetSysClockFreq)
    HAL_RCC_OscConfig                        0x080018d1   Thumb Code   730  stm32f4xx_hal_rcc.o(i.HAL_RCC_OscConfig)
    HAL_SYSTICK_CLKSourceConfig              0x08001bc1   Thumb Code    24  stm32f4xx_hal_cortex.o(i.HAL_SYSTICK_CLKSourceConfig)
    HAL_SYSTICK_Callback                     0x08001bd9   Thumb Code     2  stm32f4xx_hal_cortex.o(i.HAL_SYSTICK_Callback)
    HAL_SYSTICK_Config                       0x08001bdb   Thumb Code    40  stm32f4xx_hal_cortex.o(i.HAL_SYSTICK_Config)
    HAL_SYSTICK_IRQHandler                   0x08001c03   Thumb Code     8  stm32f4xx_hal_cortex.o(i.HAL_SYSTICK_IRQHandler)
    HAL_TIMEx_BreakCallback                  0x08001c0b   Thumb Code     2  stm32f4xx_hal_tim_ex.o(i.HAL_TIMEx_BreakCallback)
    HAL_TIMEx_CommutationCallback            0x08001c0d   Thumb Code     2  stm32f4xx_hal_tim_ex.o(i.HAL_TIMEx_CommutationCallback)
    HAL_TIMEx_ConfigBreakDeadTime            0x08001c0f   Thumb Code    90  stm32f4xx_hal_tim_ex.o(i.HAL_TIMEx_ConfigBreakDeadTime)
    HAL_TIMEx_MasterConfigSynchronization    0x08001c69   Thumb Code    80  stm32f4xx_hal_tim_ex.o(i.HAL_TIMEx_MasterConfigSynchronization)
    HAL_TIM_Base_Init                        0x08001cb9   Thumb Code    54  stm32f4xx_hal_tim.o(i.HAL_TIM_Base_Init)
    HAL_TIM_Base_MspInit                     0x08001cf1   Thumb Code   126  tim.o(i.HAL_TIM_Base_MspInit)
    HAL_TIM_Base_Start_IT                    0x08001d81   Thumb Code    24  stm32f4xx_hal_tim.o(i.HAL_TIM_Base_Start_IT)
    HAL_TIM_ConfigClockSource                0x08001d99   Thumb Code   242  stm32f4xx_hal_tim.o(i.HAL_TIM_ConfigClockSource)
    HAL_TIM_Encoder_Init                     0x08001e8b   Thumb Code   150  stm32f4xx_hal_tim.o(i.HAL_TIM_Encoder_Init)
    HAL_TIM_Encoder_MspInit                  0x08001f21   Thumb Code   240  tim.o(i.HAL_TIM_Encoder_MspInit)
    HAL_TIM_Encoder_Start_IT                 0x08002025   Thumb Code    92  stm32f4xx_hal_tim.o(i.HAL_TIM_Encoder_Start_IT)
    HAL_TIM_IC_CaptureCallback               0x08002081   Thumb Code     2  stm32f4xx_hal_tim.o(i.HAL_TIM_IC_CaptureCallback)
    HAL_TIM_IRQHandler                       0x08002083   Thumb Code   358  stm32f4xx_hal_tim.o(i.HAL_TIM_IRQHandler)
    HAL_TIM_MspPostInit                      0x080021e9   Thumb Code    42  tim.o(i.HAL_TIM_MspPostInit)
    HAL_TIM_OC_DelayElapsedCallback          0x0800221d   Thumb Code     2  stm32f4xx_hal_tim.o(i.HAL_TIM_OC_DelayElapsedCallback)
    HAL_TIM_PWM_ConfigChannel                0x0800221f   Thumb Code   208  stm32f4xx_hal_tim.o(i.HAL_TIM_PWM_ConfigChannel)
    HAL_TIM_PWM_Init                         0x080022ef   Thumb Code    54  stm32f4xx_hal_tim.o(i.HAL_TIM_PWM_Init)
    HAL_TIM_PWM_MspInit                      0x08002325   Thumb Code    30  tim.o(i.HAL_TIM_PWM_MspInit)
    HAL_TIM_PWM_PulseFinishedCallback        0x0800234d   Thumb Code     2  stm32f4xx_hal_tim.o(i.HAL_TIM_PWM_PulseFinishedCallback)
    HAL_TIM_PWM_Start                        0x08002351   Thumb Code    48  stm32f4xx_hal_tim.o(i.HAL_TIM_PWM_Start)
    HAL_TIM_PWM_Stop                         0x08002389   Thumb Code    84  stm32f4xx_hal_tim.o(i.HAL_TIM_PWM_Stop)
    HAL_TIM_PeriodElapsedCallback            0x080023e5   Thumb Code   700  main.o(i.HAL_TIM_PeriodElapsedCallback)
    HAL_TIM_TriggerCallback                  0x08002701   Thumb Code     2  stm32f4xx_hal_tim.o(i.HAL_TIM_TriggerCallback)
    HAL_UART_ErrorCallback                   0x08002703   Thumb Code     2  stm32f4xx_hal_uart.o(i.HAL_UART_ErrorCallback)
    HAL_UART_IRQHandler                      0x08002705   Thumb Code   266  stm32f4xx_hal_uart.o(i.HAL_UART_IRQHandler)
    HAL_UART_Init                            0x08002815   Thumb Code    98  stm32f4xx_hal_uart.o(i.HAL_UART_Init)
    HAL_UART_MspInit                         0x08002879   Thumb Code   178  usart.o(i.HAL_UART_MspInit)
    HAL_UART_Receive_IT                      0x08002949   Thumb Code    72  stm32f4xx_hal_uart.o(i.HAL_UART_Receive_IT)
    HAL_UART_RxCpltCallback                  0x08002991   Thumb Code   508  main.o(i.HAL_UART_RxCpltCallback)
    HAL_UART_Transmit                        0x08002ba5   Thumb Code   186  stm32f4xx_hal_uart.o(i.HAL_UART_Transmit)
    HAL_UART_TxCpltCallback                  0x08002c5f   Thumb Code     2  stm32f4xx_hal_uart.o(i.HAL_UART_TxCpltCallback)
    HardFault_Handler                        0x08002c61   Thumb Code     2  stm32f4xx_it.o(i.HardFault_Handler)
    Initialize_MPUs                          0x08002fe5   Thumb Code    14  mpu6050.o(i.Initialize_MPUs)
    Initialize_Steppers                      0x08002ff9   Thumb Code    62  stepper_1.o(i.Initialize_Steppers)
    MPU6050_Initialize                       0x08003055   Thumb Code   530  mpu6050.o(i.MPU6050_Initialize)
    MPU_GET_VALUE                            0x08003329   Thumb Code   364  mpu6050.o(i.MPU_GET_VALUE)
    MPU_SHOW_DATA                            0x080034a5   Thumb Code     4  mpu6050.o(i.MPU_SHOW_DATA)
    MX_ADC1_Init                             0x080034a9   Thumb Code    84  adc.o(i.MX_ADC1_Init)
    MX_GPIO_Init                             0x08003519   Thumb Code   280  gpio.o(i.MX_GPIO_Init)
    MX_I2C1_Init                             0x08003649   Thumb Code    54  i2c.o(i.MX_I2C1_Init)
    MX_I2C2_Init                             0x0800369d   Thumb Code    54  i2c.o(i.MX_I2C2_Init)
    MX_TIM1_Init                             0x080036f1   Thumb Code    94  tim.o(i.MX_TIM1_Init)
    MX_TIM2_Init                             0x08003769   Thumb Code    94  tim.o(i.MX_TIM2_Init)
    MX_TIM3_Init                             0x080037dd   Thumb Code    92  tim.o(i.MX_TIM3_Init)
    MX_TIM4_Init                             0x08003851   Thumb Code    90  tim.o(i.MX_TIM4_Init)
    MX_TIM5_Init                             0x080038c5   Thumb Code    92  tim.o(i.MX_TIM5_Init)
    MX_TIM8_Init                             0x08003939   Thumb Code   148  tim.o(i.MX_TIM8_Init)
    MX_TIM9_Init                             0x080039e5   Thumb Code    72  tim.o(i.MX_TIM9_Init)
    MX_USART1_UART_Init                      0x08003a45   Thumb Code    52  usart.o(i.MX_USART1_UART_Init)
    MX_USART2_UART_Init                      0x08003a91   Thumb Code    52  usart.o(i.MX_USART2_UART_Init)
    MX_USART3_UART_Init                      0x08003add   Thumb Code    52  usart.o(i.MX_USART3_UART_Init)
    MemManage_Handler                        0x08003b29   Thumb Code     2  stm32f4xx_it.o(i.MemManage_Handler)
    NMI_Handler                              0x08003b2b   Thumb Code     2  stm32f4xx_it.o(i.NMI_Handler)
    PID_calculate                            0x08003b4d   Thumb Code   286  pid.o(i.PID_calculate)
    PendSV_Handler                           0x08003c95   Thumb Code     2  stm32f4xx_it.o(i.PendSV_Handler)
    Pulse_Width_Calculator                   0x08003c97   Thumb Code    76  pid.o(i.Pulse_Width_Calculator)
    SVC_Handler                              0x08003ce3   Thumb Code     2  stm32f4xx_it.o(i.SVC_Handler)
    SysTick_Handler                          0x08003ce5   Thumb Code    14  stm32f4xx_it.o(i.SysTick_Handler)
    SystemClock_Config                       0x08003cf5   Thumb Code   148  main.o(i.SystemClock_Config)
    SystemInit                               0x08003d91   Thumb Code    66  system_stm32f4xx.o(i.SystemInit)
    TIM1_BRK_TIM9_IRQHandler                 0x08003de5   Thumb Code    18  stm32f4xx_it.o(i.TIM1_BRK_TIM9_IRQHandler)
    TIM1_CC_IRQHandler                       0x08003e01   Thumb Code   136  stm32f4xx_it.o(i.TIM1_CC_IRQHandler)
    TIM1_TRG_COM_TIM11_IRQHandler            0x08003ea5   Thumb Code     6  stm32f4xx_it.o(i.TIM1_TRG_COM_TIM11_IRQHandler)
    TIM1_UP_TIM10_IRQHandler                 0x08003eb1   Thumb Code    24  stm32f4xx_it.o(i.TIM1_UP_TIM10_IRQHandler)
    TIM2_IRQHandler                          0x08003ed9   Thumb Code    46  stm32f4xx_it.o(i.TIM2_IRQHandler)
    TIM3_IRQHandler                          0x08003f15   Thumb Code    98  stm32f4xx_it.o(i.TIM3_IRQHandler)
    TIM4_IRQHandler                          0x08003f85   Thumb Code     6  stm32f4xx_it.o(i.TIM4_IRQHandler)
    TIM5_IRQHandler                          0x08003f91   Thumb Code     6  stm32f4xx_it.o(i.TIM5_IRQHandler)
    TIM_Base_SetConfig                       0x08003f9d   Thumb Code   148  stm32f4xx_hal_tim.o(i.TIM_Base_SetConfig)
    TIM_CCxChannelCmd                        0x0800405d   Thumb Code    22  stm32f4xx_hal_tim.o(i.TIM_CCxChannelCmd)
    TIM_OC2_SetConfig                        0x080040f1   Thumb Code    90  stm32f4xx_hal_tim.o(i.TIM_OC2_SetConfig)
    USART1_IRQHandler                        0x08004679   Thumb Code     6  stm32f4xx_it.o(i.USART1_IRQHandler)
    USART2_IRQHandler                        0x08004685   Thumb Code     6  stm32f4xx_it.o(i.USART2_IRQHandler)
    USART3_IRQHandler                        0x08004691   Thumb Code     6  stm32f4xx_it.o(i.USART3_IRQHandler)
    UsageFault_Handler                       0x0800469d   Thumb Code     2  stm32f4xx_it.o(i.UsageFault_Handler)
    _Error_Handler                           0x0800469f   Thumb Code     2  main.o(i._Error_Handler)
    __0sprintf$1                             0x080046a1   Thumb Code    34  printf1.o(i.__0sprintf$1)
    __1sprintf$1                             0x080046a1   Thumb Code     0  printf1.o(i.__0sprintf$1)
    __2sprintf                               0x080046a1   Thumb Code     0  printf1.o(i.__0sprintf$1)
    __ARM_fpclassify                         0x080046c9   Thumb Code    48  fpclassify.o(i.__ARM_fpclassify)
    __hardfp_asin                            0x080046f9   Thumb Code   770  asin.o(i.__hardfp_asin)
    __hardfp_sqrt                            0x08004a59   Thumb Code   122  sqrt.o(i.__hardfp_sqrt)
    __kernel_poly                            0x08004ad3   Thumb Code   248  poly.o(i.__kernel_poly)
    __mathlib_dbl_infnan                     0x08004bcb   Thumb Code    20  dunder.o(i.__mathlib_dbl_infnan)
    __mathlib_dbl_invalid                    0x08004be1   Thumb Code    24  dunder.o(i.__mathlib_dbl_invalid)
    __mathlib_dbl_underflow                  0x08004c01   Thumb Code    24  dunder.o(i.__mathlib_dbl_underflow)
    __scatterload_copy                       0x08004c21   Thumb Code    14  handlers.o(i.__scatterload_copy)
    __scatterload_null                       0x08004c2f   Thumb Code     2  handlers.o(i.__scatterload_null)
    __scatterload_zeroinit                   0x08004c31   Thumb Code    14  handlers.o(i.__scatterload_zeroinit)
    __set_errno                              0x08004c41   Thumb Code     6  errno.o(i.__set_errno)
    distance_travelled                       0x08004dad   Thumb Code    28  stepper_1.o(i.distance_travelled)
    fabs                                     0x08004dd1   Thumb Code    24  fabs.o(i.fabs)
    main                                     0x08004de9   Thumb Code   214  main.o(i.main)
    pid                                      0x08004f15   Thumb Code   282  stepper_1.o(i.pid)
    set_rotor_angle                          0x0800504d   Thumb Code    76  stepper_1.o(i.set_rotor_angle)
    sqrt                                     0x080050a9   Thumb Code   110  sqrt.o(i.sqrt)
    AHBPrescTable                            0x08005116   Data          16  system_stm32f4xx.o(.constdata)
    APBPrescTable                            0x08005126   Data           8  system_stm32f4xx.o(.constdata)
    Region$$Table$$Base                      0x08005180   Number         0  anon$$obj.o(Region$$Table)
    Region$$Table$$Limit                     0x080051a0   Number         0  anon$$obj.o(Region$$Table)
    uwTick                                   0x20000000   Data           4  stm32f4xx_hal.o(.data)
    uart_rx2                                 0x20000004   Data           1  main.o(.data)
    uart_rx3                                 0x20000005   Data           1  main.o(.data)
    direction_left_right                     0x20000006   Data           1  main.o(.data)
    encoder_reading_pre                      0x20000008   Data           2  main.o(.data)
    receive2                                 0x2000000c   Data           4  main.o(.data)
    receive3                                 0x20000010   Data           4  main.o(.data)
    range                                    0x20000014   Data           4  main.o(.data)
    buff_sum                                 0x20000018   Data           4  main.o(.data)
    encoder_reading_wheel                    0x2000001c   Data           4  main.o(.data)
    humid_percentage                         0x20000020   Data           4  main.o(.data)
    ds                                       0x20000024   Data           4  main.o(.data)
    my_angle1                                0x20000028   Data           4  main.o(.data)
    my_angle2                                0x2000002c   Data           4  main.o(.data)
    my_angle                                 0x20000030   Data           4  main.o(.data)
    set_arm_first                            0x20000034   Data           4  main.o(.data)
    set_arm_second                           0x20000038   Data           4  main.o(.data)
    adc_value                                0x2000003c   Data           4  main.o(.data)
    checker                                  0x20000040   Data           4  main.o(.data)
    setting                                  0x20000044   Data           4  main.o(.data)
    _pid                                     0x20000048   Data           4  main.o(.data)
    p_scalar                                 0x2000004c   Data           4  main.o(.data)
    i_scalar                                 0x20000050   Data           4  main.o(.data)
    d_scalar                                 0x20000054   Data           4  main.o(.data)
    encoder_reading_left_right               0x20000058   Data           4  main.o(.data)
    throttel_left                            0x2000005c   Data           4  main.o(.data)
    total_distance                           0x20000060   Data           4  main.o(.data)
    direction_wheel                          0x20000064   Data           1  main.o(.data)
    calibrated                               0x20000068   Data           4  stm32f4xx_it.o(.data)
    previous_count                           0x2000006c   Data           4  stm32f4xx_it.o(.data)
    new_count                                0x20000070   Data           4  stm32f4xx_it.o(.data)
    current_encoder_reading                  0x20000074   Data           4  stm32f4xx_it.o(.data)
    current_angle                            0x20000078   Data           4  stm32f4xx_it.o(.data)
    difference                               0x2000007c   Data           4  stm32f4xx_it.o(.data)
    total_encoder                            0x20000080   Data           4  stm32f4xx_it.o(.data)
    c                                        0x20000084   Data           4  stm32f4xx_it.o(.data)
    CURRENT_ROTATION                         0x20000088   Data           4  stm32f4xx_it.o(.data)
    linear_encoder_in_cm                     0x2000008c   Data           4  stepper_1.o(.data)
    radius                                   0x20000090   Data           4  stepper_1.o(.data)
    wheel_size                               0x20000094   Data           4  stepper_1.o(.data)
    integral                                 0x20000098   Data           4  stepper_1.o(.data)
    proportional                             0x2000009c   Data           4  stepper_1.o(.data)
    previous_error                           0x200000a0   Data           4  stepper_1.o(.data)
    derivative                               0x200000a4   Data           4  stepper_1.o(.data)
    left_right_error                         0x200000a8   Data           4  stepper_1.o(.data)
    input                                    0x200000ac   Data           4  stepper_1.o(.data)
    pid_error                                0x200000b0   Data           4  stepper_1.o(.data)
    PID                                      0x200000b4   Data           4  stepper_1.o(.data)
    test                                     0x200000b8   Data           4  stepper_1.o(.data)
    test1                                    0x200000bc   Data           4  stepper_1.o(.data)
    set_gyro_angle                           0x200000c0   Data           4  mpu6050.o(.data)
    cal                                      0x200000c8   Data           8  mpu6050.o(.data)
    cal1                                     0x200000d0   Data           8  mpu6050.o(.data)
    SystemCoreClock                          0x200000d8   Data           4  system_stm32f4xx.o(.data)
    receive_buffer2                          0x200000e0   Data          60  main.o(.bss)
    receive_buffer3                          0x2000011c   Data          60  main.o(.bss)
    tx_data                                  0x20000158   Data         100  main.o(.bss)
    MPU1                                     0x200001bc   Data          48  main.o(.bss)
    MPU2                                     0x200001ec   Data          48  main.o(.bss)
    Rotor                                    0x2000021c   Data          68  main.o(.bss)
    Left_Right                               0x20000260   Data          68  main.o(.bss)
    First_Arm                                0x200002a4   Data          68  main.o(.bss)
    Second_Arm                               0x200002e8   Data          68  main.o(.bss)
    htim1                                    0x2000032c   Data          60  tim.o(.bss)
    htim2                                    0x20000368   Data          60  tim.o(.bss)
    htim3                                    0x200003a4   Data          60  tim.o(.bss)
    htim4                                    0x200003e0   Data          60  tim.o(.bss)
    htim5                                    0x2000041c   Data          60  tim.o(.bss)
    htim8                                    0x20000458   Data          60  tim.o(.bss)
    htim9                                    0x20000494   Data          60  tim.o(.bss)
    huart1                                   0x200004d0   Data          64  usart.o(.bss)
    huart2                                   0x20000510   Data          64  usart.o(.bss)
    huart3                                   0x20000550   Data          64  usart.o(.bss)
    hi2c1                                    0x20000590   Data          84  i2c.o(.bss)
    hi2c2                                    0x200005e4   Data          84  i2c.o(.bss)
    hadc1                                    0x20000638   Data          72  adc.o(.bss)
    __initial_sp                             0x20000a80   Data           0  startup_stm32f407xx.o(STACK)



==============================================================================

Memory Map of the image

  Image Entry point : 0x08000189

  Load Region LR_IROM1 (Base: 0x08000000, Size: 0x00005280, Max: 0x00100000, ABSOLUTE)

    Execution Region ER_IROM1 (Exec base: 0x08000000, Load base: 0x08000000, Size: 0x000051a0, Max: 0x00100000, ABSOLUTE)

    Exec Addr    Load Addr    Size         Type   Attr      Idx    E Section Name        Object

    0x08000000   0x08000000   0x00000188   Data   RO         3875    RESET               startup_stm32f407xx.o
    0x08000188   0x08000188   0x00000000   Code   RO         3906  * .ARM.Collect$$$$00000000  mc_w.l(entry.o)
    0x08000188   0x08000188   0x00000004   Code   RO         4214    .ARM.Collect$$$$00000001  mc_w.l(entry2.o)
    0x0800018c   0x0800018c   0x00000004   Code   RO         4217    .ARM.Collect$$$$00000004  mc_w.l(entry5.o)
    0x08000190   0x08000190   0x00000000   Code   RO         4219    .ARM.Collect$$$$00000008  mc_w.l(entry7b.o)
    0x08000190   0x08000190   0x00000000   Code   RO         4221    .ARM.Collect$$$$0000000A  mc_w.l(entry8b.o)
    0x08000190   0x08000190   0x00000008   Code   RO         4222    .ARM.Collect$$$$0000000B  mc_w.l(entry9a.o)
    0x08000198   0x08000198   0x00000000   Code   RO         4224    .ARM.Collect$$$$0000000D  mc_w.l(entry10a.o)
    0x08000198   0x08000198   0x00000000   Code   RO         4226    .ARM.Collect$$$$0000000F  mc_w.l(entry11a.o)
    0x08000198   0x08000198   0x00000004   Code   RO         4215    .ARM.Collect$$$$00002712  mc_w.l(entry2.o)
    0x0800019c   0x0800019c   0x00000024   Code   RO         3876    .text               startup_stm32f407xx.o
    0x080001c0   0x080001c0   0x00000062   Code   RO         3909    .text               mc_w.l(uldiv.o)
    0x08000222   0x08000222   0x00000024   Code   RO         3911    .text               mc_w.l(memcpya.o)
    0x08000246   0x08000246   0x0000014e   Code   RO         4176    .text               mf_w.l(dadd.o)
    0x08000394   0x08000394   0x000000e4   Code   RO         4178    .text               mf_w.l(dmul.o)
    0x08000478   0x08000478   0x000000de   Code   RO         4180    .text               mf_w.l(ddiv.o)
    0x08000556   0x08000556   0x00000022   Code   RO         4182    .text               mf_w.l(dflti.o)
    0x08000578   0x08000578   0x0000003e   Code   RO         4184    .text               mf_w.l(dfixi.o)
    0x080005b6   0x080005b6   0x00000026   Code   RO         4186    .text               mf_w.l(f2d.o)
    0x080005dc   0x080005dc   0x00000038   Code   RO         4188    .text               mf_w.l(d2f.o)
    0x08000614   0x08000614   0x0000002c   Code   RO         4228    .text               mc_w.l(uidiv.o)
    0x08000640   0x08000640   0x0000001e   Code   RO         4230    .text               mc_w.l(llshl.o)
    0x0800065e   0x0800065e   0x00000020   Code   RO         4232    .text               mc_w.l(llushr.o)
    0x0800067e   0x0800067e   0x00000024   Code   RO         4234    .text               mc_w.l(llsshr.o)
    0x080006a2   0x080006a2   0x00000000   Code   RO         4243    .text               mc_w.l(iusefp.o)
    0x080006a2   0x080006a2   0x0000006e   Code   RO         4244    .text               mf_w.l(fepilogue.o)
    0x08000710   0x08000710   0x000000ba   Code   RO         4246    .text               mf_w.l(depilogue.o)
    0x080007ca   0x080007ca   0x000000a2   Code   RO         4250    .text               mf_w.l(dsqrt.o)
    0x0800086c   0x0800086c   0x00000024   Code   RO         4258    .text               mc_w.l(init.o)
    0x08000890   0x08000890   0x0000000c   Code   RO         3197    i.ADC_IRQHandler    stm32f4xx_it.o
    0x0800089c   0x0800089c   0x00000124   Code   RO         2847    i.ADC_Init          stm32f4xx_hal_adc.o
    0x080009c0   0x080009c0   0x00000002   Code   RO         3198    i.BusFault_Handler  stm32f4xx_it.o
    0x080009c2   0x080009c2   0x00000002   Code   RO         3199    i.DebugMon_Handler  stm32f4xx_it.o
    0x080009c4   0x080009c4   0x00000050   Code   RO         3200    i.EXTI15_10_IRQHandler  stm32f4xx_it.o
    0x08000a14   0x08000a14   0x00000002   Code   RO         2743    i.HAL_ADCEx_InjectedConvCpltCallback  stm32f4xx_hal_adc_ex.o
    0x08000a16   0x08000a16   0x00000002   PAD
    0x08000a18   0x08000a18   0x0000014c   Code   RO         2849    i.HAL_ADC_ConfigChannel  stm32f4xx_hal_adc.o
    0x08000b64   0x08000b64   0x00000050   Code   RO         3038    i.HAL_ADC_ConvCpltCallback  main.o
    0x08000bb4   0x08000bb4   0x00000002   Code   RO         2853    i.HAL_ADC_ErrorCallback  stm32f4xx_hal_adc.o
    0x08000bb6   0x08000bb6   0x00000006   Code   RO         2856    i.HAL_ADC_GetValue  stm32f4xx_hal_adc.o
    0x08000bbc   0x08000bbc   0x0000013c   Code   RO         2857    i.HAL_ADC_IRQHandler  stm32f4xx_hal_adc.o
    0x08000cf8   0x08000cf8   0x00000054   Code   RO         2858    i.HAL_ADC_Init      stm32f4xx_hal_adc.o
    0x08000d4c   0x08000d4c   0x00000002   Code   RO         2859    i.HAL_ADC_LevelOutOfWindowCallback  stm32f4xx_hal_adc.o
    0x08000d4e   0x08000d4e   0x00000002   PAD
    0x08000d50   0x08000d50   0x00000054   Code   RO         3797    i.HAL_ADC_MspInit   adc.o
    0x08000da4   0x08000da4   0x000000a2   Code   RO         2862    i.HAL_ADC_PollForConversion  stm32f4xx_hal_adc.o
    0x08000e46   0x08000e46   0x00000002   PAD
    0x08000e48   0x08000e48   0x000000c8   Code   RO         2866    i.HAL_ADC_Start_IT  stm32f4xx_hal_adc.o
    0x08000f10   0x08000f10   0x00000024   Code   RO         2107    i.HAL_DMA_Abort_IT  stm32f4xx_hal_dma.o
    0x08000f34   0x08000f34   0x00000002   Code   RO          467    i.HAL_GPIO_EXTI_Callback  stm32f4xx_hal_gpio.o
    0x08000f36   0x08000f36   0x00000002   PAD
    0x08000f38   0x08000f38   0x00000018   Code   RO          468    i.HAL_GPIO_EXTI_IRQHandler  stm32f4xx_hal_gpio.o
    0x08000f50   0x08000f50   0x000001b0   Code   RO          469    i.HAL_GPIO_Init     stm32f4xx_hal_gpio.o
    0x08001100   0x08001100   0x00000008   Code   RO          472    i.HAL_GPIO_TogglePin  stm32f4xx_hal_gpio.o
    0x08001108   0x08001108   0x0000000a   Code   RO          473    i.HAL_GPIO_WritePin  stm32f4xx_hal_gpio.o
    0x08001112   0x08001112   0x00000002   PAD
    0x08001114   0x08001114   0x0000000c   Code   RO          665    i.HAL_GetTick       stm32f4xx_hal.o
    0x08001120   0x08001120   0x00000108   Code   RO         2334    i.HAL_I2C_Init      stm32f4xx_hal_i2c.o
    0x08001228   0x08001228   0x000001e8   Code   RO         2340    i.HAL_I2C_Master_Receive  stm32f4xx_hal_i2c.o
    0x08001410   0x08001410   0x00000138   Code   RO         2345    i.HAL_I2C_Master_Transmit  stm32f4xx_hal_i2c.o
    0x08001548   0x08001548   0x0000006c   Code   RO         3632    i.HAL_I2C_MspInit   i2c.o
    0x080015b4   0x080015b4   0x00000010   Code   RO          667    i.HAL_IncTick       stm32f4xx_hal.o
    0x080015c4   0x080015c4   0x00000034   Code   RO          668    i.HAL_Init          stm32f4xx_hal.o
    0x080015f8   0x080015f8   0x00000028   Code   RO          669    i.HAL_InitTick      stm32f4xx_hal.o
    0x08001620   0x08001620   0x00000058   Code   RO         3014    i.HAL_MspInit       stm32f4xx_hal_msp.o
    0x08001678   0x08001678   0x00000016   Code   RO            9    i.HAL_NVIC_EnableIRQ  stm32f4xx_hal_cortex.o
    0x0800168e   0x0800168e   0x00000002   PAD
    0x08001690   0x08001690   0x00000040   Code   RO           15    i.HAL_NVIC_SetPriority  stm32f4xx_hal_cortex.o
    0x080016d0   0x080016d0   0x00000024   Code   RO           16    i.HAL_NVIC_SetPriorityGrouping  stm32f4xx_hal_cortex.o
    0x080016f4   0x080016f4   0x00000130   Code   RO          806    i.HAL_RCC_ClockConfig  stm32f4xx_hal_rcc.o
    0x08001824   0x08001824   0x0000000c   Code   RO          811    i.HAL_RCC_GetHCLKFreq  stm32f4xx_hal_rcc.o
    0x08001830   0x08001830   0x00000020   Code   RO          813    i.HAL_RCC_GetPCLK1Freq  stm32f4xx_hal_rcc.o
    0x08001850   0x08001850   0x00000020   Code   RO          814    i.HAL_RCC_GetPCLK2Freq  stm32f4xx_hal_rcc.o
    0x08001870   0x08001870   0x00000060   Code   RO          815    i.HAL_RCC_GetSysClockFreq  stm32f4xx_hal_rcc.o
    0x080018d0   0x080018d0   0x000002f0   Code   RO          818    i.HAL_RCC_OscConfig  stm32f4xx_hal_rcc.o
    0x08001bc0   0x08001bc0   0x00000018   Code   RO           18    i.HAL_SYSTICK_CLKSourceConfig  stm32f4xx_hal_cortex.o
    0x08001bd8   0x08001bd8   0x00000002   Code   RO           19    i.HAL_SYSTICK_Callback  stm32f4xx_hal_cortex.o
    0x08001bda   0x08001bda   0x00000028   Code   RO           20    i.HAL_SYSTICK_Config  stm32f4xx_hal_cortex.o
    0x08001c02   0x08001c02   0x00000008   Code   RO           21    i.HAL_SYSTICK_IRQHandler  stm32f4xx_hal_cortex.o
    0x08001c0a   0x08001c0a   0x00000002   Code   RO          907    i.HAL_TIMEx_BreakCallback  stm32f4xx_hal_tim_ex.o
    0x08001c0c   0x08001c0c   0x00000002   Code   RO          908    i.HAL_TIMEx_CommutationCallback  stm32f4xx_hal_tim_ex.o
    0x08001c0e   0x08001c0e   0x0000005a   Code   RO          909    i.HAL_TIMEx_ConfigBreakDeadTime  stm32f4xx_hal_tim_ex.o
    0x08001c68   0x08001c68   0x00000050   Code   RO          924    i.HAL_TIMEx_MasterConfigSynchronization  stm32f4xx_hal_tim_ex.o
    0x08001cb8   0x08001cb8   0x00000036   Code   RO         1148    i.HAL_TIM_Base_Init  stm32f4xx_hal_tim.o
    0x08001cee   0x08001cee   0x00000002   PAD
    0x08001cf0   0x08001cf0   0x00000090   Code   RO         3360    i.HAL_TIM_Base_MspInit  tim.o
    0x08001d80   0x08001d80   0x00000018   Code   RO         1153    i.HAL_TIM_Base_Start_IT  stm32f4xx_hal_tim.o
    0x08001d98   0x08001d98   0x000000f2   Code   RO         1157    i.HAL_TIM_ConfigClockSource  stm32f4xx_hal_tim.o
    0x08001e8a   0x08001e8a   0x00000096   Code   RO         1166    i.HAL_TIM_Encoder_Init  stm32f4xx_hal_tim.o
    0x08001f20   0x08001f20   0x00000104   Code   RO         3362    i.HAL_TIM_Encoder_MspInit  tim.o
    0x08002024   0x08002024   0x0000005c   Code   RO         1171    i.HAL_TIM_Encoder_Start_IT  stm32f4xx_hal_tim.o
    0x08002080   0x08002080   0x00000002   Code   RO         1177    i.HAL_TIM_IC_CaptureCallback  stm32f4xx_hal_tim.o
    0x08002082   0x08002082   0x00000166   Code   RO         1190    i.HAL_TIM_IRQHandler  stm32f4xx_hal_tim.o
    0x080021e8   0x080021e8   0x00000034   Code   RO         3363    i.HAL_TIM_MspPostInit  tim.o
    0x0800221c   0x0800221c   0x00000002   Code   RO         1193    i.HAL_TIM_OC_DelayElapsedCallback  stm32f4xx_hal_tim.o
    0x0800221e   0x0800221e   0x000000d0   Code   RO         1214    i.HAL_TIM_PWM_ConfigChannel  stm32f4xx_hal_tim.o
    0x080022ee   0x080022ee   0x00000036   Code   RO         1217    i.HAL_TIM_PWM_Init  stm32f4xx_hal_tim.o
    0x08002324   0x08002324   0x00000028   Code   RO         3365    i.HAL_TIM_PWM_MspInit  tim.o
    0x0800234c   0x0800234c   0x00000002   Code   RO         1220    i.HAL_TIM_PWM_PulseFinishedCallback  stm32f4xx_hal_tim.o
    0x0800234e   0x0800234e   0x00000002   PAD
    0x08002350   0x08002350   0x00000038   Code   RO         1221    i.HAL_TIM_PWM_Start  stm32f4xx_hal_tim.o
    0x08002388   0x08002388   0x0000005c   Code   RO         1224    i.HAL_TIM_PWM_Stop  stm32f4xx_hal_tim.o
    0x080023e4   0x080023e4   0x0000031c   Code   RO         3039    i.HAL_TIM_PeriodElapsedCallback  main.o
    0x08002700   0x08002700   0x00000002   Code   RO         1231    i.HAL_TIM_TriggerCallback  stm32f4xx_hal_tim.o
    0x08002702   0x08002702   0x00000002   Code   RO         1798    i.HAL_UART_ErrorCallback  stm32f4xx_hal_uart.o
    0x08002704   0x08002704   0x00000110   Code   RO         1801    i.HAL_UART_IRQHandler  stm32f4xx_hal_uart.o
    0x08002814   0x08002814   0x00000062   Code   RO         1802    i.HAL_UART_Init     stm32f4xx_hal_uart.o
    0x08002876   0x08002876   0x00000002   PAD
    0x08002878   0x08002878   0x000000d0   Code   RO         3492    i.HAL_UART_MspInit  usart.o
    0x08002948   0x08002948   0x00000048   Code   RO         1807    i.HAL_UART_Receive_IT  stm32f4xx_hal_uart.o
    0x08002990   0x08002990   0x00000214   Code   RO         3040    i.HAL_UART_RxCpltCallback  main.o
    0x08002ba4   0x08002ba4   0x000000ba   Code   RO         1810    i.HAL_UART_Transmit  stm32f4xx_hal_uart.o
    0x08002c5e   0x08002c5e   0x00000002   Code   RO         1813    i.HAL_UART_TxCpltCallback  stm32f4xx_hal_uart.o
    0x08002c60   0x08002c60   0x00000002   Code   RO         3201    i.HardFault_Handler  stm32f4xx_it.o
    0x08002c62   0x08002c62   0x00000028   Code   RO         2372    i.I2C_IsAcknowledgeFailed  stm32f4xx_hal_i2c.o
    0x08002c8a   0x08002c8a   0x000000de   Code   RO         2375    i.I2C_MasterRequestRead  stm32f4xx_hal_i2c.o
    0x08002d68   0x08002d68   0x00000094   Code   RO         2376    i.I2C_MasterRequestWrite  stm32f4xx_hal_i2c.o
    0x08002dfc   0x08002dfc   0x0000004e   Code   RO         2385    i.I2C_WaitOnBTFFlagUntilTimeout  stm32f4xx_hal_i2c.o
    0x08002e4a   0x08002e4a   0x00000060   Code   RO         2386    i.I2C_WaitOnFlagUntilTimeout  stm32f4xx_hal_i2c.o
    0x08002eaa   0x08002eaa   0x00000002   PAD
    0x08002eac   0x08002eac   0x00000088   Code   RO         2387    i.I2C_WaitOnMasterAddressFlagUntilTimeout  stm32f4xx_hal_i2c.o
    0x08002f34   0x08002f34   0x00000062   Code   RO         2388    i.I2C_WaitOnRXNEFlagUntilTimeout  stm32f4xx_hal_i2c.o
    0x08002f96   0x08002f96   0x0000004e   Code   RO         2389    i.I2C_WaitOnTXEFlagUntilTimeout  stm32f4xx_hal_i2c.o
    0x08002fe4   0x08002fe4   0x00000014   Code   RO         3718    i.Initialize_MPUs   mpu6050.o
    0x08002ff8   0x08002ff8   0x0000005c   Code   RO         3546    i.Initialize_Steppers  stepper_1.o
    0x08003054   0x08003054   0x000002d4   Code   RO         3719    i.MPU6050_Initialize  mpu6050.o
    0x08003328   0x08003328   0x0000017c   Code   RO         3720    i.MPU_GET_VALUE     mpu6050.o
    0x080034a4   0x080034a4   0x00000004   Code   RO         3722    i.MPU_SHOW_DATA     mpu6050.o
    0x080034a8   0x080034a8   0x00000070   Code   RO         3798    i.MX_ADC1_Init      adc.o
    0x08003518   0x08003518   0x00000130   Code   RO         3467    i.MX_GPIO_Init      gpio.o
    0x08003648   0x08003648   0x00000054   Code   RO         3633    i.MX_I2C1_Init      i2c.o
    0x0800369c   0x0800369c   0x00000054   Code   RO         3634    i.MX_I2C2_Init      i2c.o
    0x080036f0   0x080036f0   0x00000078   Code   RO         3366    i.MX_TIM1_Init      tim.o
    0x08003768   0x08003768   0x00000074   Code   RO         3367    i.MX_TIM2_Init      tim.o
    0x080037dc   0x080037dc   0x00000074   Code   RO         3368    i.MX_TIM3_Init      tim.o
    0x08003850   0x08003850   0x00000074   Code   RO         3369    i.MX_TIM4_Init      tim.o
    0x080038c4   0x080038c4   0x00000074   Code   RO         3370    i.MX_TIM5_Init      tim.o
    0x08003938   0x08003938   0x000000ac   Code   RO         3371    i.MX_TIM8_Init      tim.o
    0x080039e4   0x080039e4   0x00000060   Code   RO         3372    i.MX_TIM9_Init      tim.o
    0x08003a44   0x08003a44   0x0000004c   Code   RO         3493    i.MX_USART1_UART_Init  usart.o
    0x08003a90   0x08003a90   0x0000004c   Code   RO         3494    i.MX_USART2_UART_Init  usart.o
    0x08003adc   0x08003adc   0x0000004c   Code   RO         3495    i.MX_USART3_UART_Init  usart.o
    0x08003b28   0x08003b28   0x00000002   Code   RO         3202    i.MemManage_Handler  stm32f4xx_it.o
    0x08003b2a   0x08003b2a   0x00000002   Code   RO         3203    i.NMI_Handler       stm32f4xx_it.o
    0x08003b2c   0x08003b2c   0x00000020   Code   RO           22    i.NVIC_SetPriority  stm32f4xx_hal_cortex.o
    0x08003b4c   0x08003b4c   0x00000148   Code   RO         3679    i.PID_calculate     pid.o
    0x08003c94   0x08003c94   0x00000002   Code   RO         3204    i.PendSV_Handler    stm32f4xx_it.o
    0x08003c96   0x08003c96   0x0000004c   Code   RO         3680    i.Pulse_Width_Calculator  pid.o
    0x08003ce2   0x08003ce2   0x00000002   Code   RO         3205    i.SVC_Handler       stm32f4xx_it.o
    0x08003ce4   0x08003ce4   0x0000000e   Code   RO         3206    i.SysTick_Handler   stm32f4xx_it.o
    0x08003cf2   0x08003cf2   0x00000002   PAD
    0x08003cf4   0x08003cf4   0x0000009c   Code   RO         3041    i.SystemClock_Config  main.o
    0x08003d90   0x08003d90   0x00000054   Code   RO         3839    i.SystemInit        system_stm32f4xx.o
    0x08003de4   0x08003de4   0x0000001c   Code   RO         3207    i.TIM1_BRK_TIM9_IRQHandler  stm32f4xx_it.o
    0x08003e00   0x08003e00   0x000000a4   Code   RO         3208    i.TIM1_CC_IRQHandler  stm32f4xx_it.o
    0x08003ea4   0x08003ea4   0x0000000c   Code   RO         3209    i.TIM1_TRG_COM_TIM11_IRQHandler  stm32f4xx_it.o
    0x08003eb0   0x08003eb0   0x00000028   Code   RO         3210    i.TIM1_UP_TIM10_IRQHandler  stm32f4xx_it.o
    0x08003ed8   0x08003ed8   0x0000003c   Code   RO         3211    i.TIM2_IRQHandler   stm32f4xx_it.o
    0x08003f14   0x08003f14   0x00000070   Code   RO         3212    i.TIM3_IRQHandler   stm32f4xx_it.o
    0x08003f84   0x08003f84   0x0000000c   Code   RO         3213    i.TIM4_IRQHandler   stm32f4xx_it.o
    0x08003f90   0x08003f90   0x0000000c   Code   RO         3214    i.TIM5_IRQHandler   stm32f4xx_it.o
    0x08003f9c   0x08003f9c   0x000000c0   Code   RO         1232    i.TIM_Base_SetConfig  stm32f4xx_hal_tim.o
    0x0800405c   0x0800405c   0x00000016   Code   RO         1233    i.TIM_CCxChannelCmd  stm32f4xx_hal_tim.o
    0x08004072   0x08004072   0x00000014   Code   RO         1239    i.TIM_ETR_SetConfig  stm32f4xx_hal_tim.o
    0x08004086   0x08004086   0x00000010   Code   RO         1240    i.TIM_ITRx_SetConfig  stm32f4xx_hal_tim.o
    0x08004096   0x08004096   0x00000002   PAD
    0x08004098   0x08004098   0x00000058   Code   RO         1241    i.TIM_OC1_SetConfig  stm32f4xx_hal_tim.o
    0x080040f0   0x080040f0   0x00000064   Code   RO         1242    i.TIM_OC2_SetConfig  stm32f4xx_hal_tim.o
    0x08004154   0x08004154   0x00000060   Code   RO         1243    i.TIM_OC3_SetConfig  stm32f4xx_hal_tim.o
    0x080041b4   0x080041b4   0x00000050   Code   RO         1244    i.TIM_OC4_SetConfig  stm32f4xx_hal_tim.o
    0x08004204   0x08004204   0x00000022   Code   RO         1246    i.TIM_TI1_ConfigInputStage  stm32f4xx_hal_tim.o
    0x08004226   0x08004226   0x00000024   Code   RO         1248    i.TIM_TI2_ConfigInputStage  stm32f4xx_hal_tim.o
    0x0800424a   0x0800424a   0x00000010   Code   RO         1815    i.UART_DMAAbortOnError  stm32f4xx_hal_uart.o
    0x0800425a   0x0800425a   0x0000001c   Code   RO         1825    i.UART_EndRxTransfer  stm32f4xx_hal_uart.o
    0x08004276   0x08004276   0x0000008c   Code   RO         1827    i.UART_Receive_IT   stm32f4xx_hal_uart.o
    0x08004302   0x08004302   0x00000002   PAD
    0x08004304   0x08004304   0x000002ac   Code   RO         1828    i.UART_SetConfig    stm32f4xx_hal_uart.o
    0x080045b0   0x080045b0   0x00000062   Code   RO         1829    i.UART_Transmit_IT  stm32f4xx_hal_uart.o
    0x08004612   0x08004612   0x00000064   Code   RO         1830    i.UART_WaitOnFlagUntilTimeout  stm32f4xx_hal_uart.o
    0x08004676   0x08004676   0x00000002   PAD
    0x08004678   0x08004678   0x0000000c   Code   RO         3215    i.USART1_IRQHandler  stm32f4xx_it.o
    0x08004684   0x08004684   0x0000000c   Code   RO         3216    i.USART2_IRQHandler  stm32f4xx_it.o
    0x08004690   0x08004690   0x0000000c   Code   RO         3217    i.USART3_IRQHandler  stm32f4xx_it.o
    0x0800469c   0x0800469c   0x00000002   Code   RO         3218    i.UsageFault_Handler  stm32f4xx_it.o
    0x0800469e   0x0800469e   0x00000002   Code   RO         3042    i._Error_Handler    main.o
    0x080046a0   0x080046a0   0x00000028   Code   RO         3962    i.__0sprintf$1      mc_w.l(printf1.o)
    0x080046c8   0x080046c8   0x00000030   Code   RO         4210    i.__ARM_fpclassify  m_wm.l(fpclassify.o)
    0x080046f8   0x080046f8   0x00000360   Code   RO         3880    i.__hardfp_asin     m_wm.l(asin.o)
    0x08004a58   0x08004a58   0x0000007a   Code   RO         3894    i.__hardfp_sqrt     m_wm.l(sqrt.o)
    0x08004ad2   0x08004ad2   0x000000f8   Code   RO         4212    i.__kernel_poly     m_wm.l(poly.o)
    0x08004bca   0x08004bca   0x00000014   Code   RO         4191    i.__mathlib_dbl_infnan  m_wm.l(dunder.o)
    0x08004bde   0x08004bde   0x00000002   PAD
    0x08004be0   0x08004be0   0x00000020   Code   RO         4193    i.__mathlib_dbl_invalid  m_wm.l(dunder.o)
    0x08004c00   0x08004c00   0x00000020   Code   RO         4196    i.__mathlib_dbl_underflow  m_wm.l(dunder.o)
    0x08004c20   0x08004c20   0x0000000e   Code   RO         4262    i.__scatterload_copy  mc_w.l(handlers.o)
    0x08004c2e   0x08004c2e   0x00000002   Code   RO         4263    i.__scatterload_null  mc_w.l(handlers.o)
    0x08004c30   0x08004c30   0x0000000e   Code   RO         4264    i.__scatterload_zeroinit  mc_w.l(handlers.o)
    0x08004c3e   0x08004c3e   0x00000002   PAD
    0x08004c40   0x08004c40   0x0000000c   Code   RO         4238    i.__set_errno       mc_w.l(errno.o)
    0x08004c4c   0x08004c4c   0x00000154   Code   RO         3967    i._printf_core      mc_w.l(printf1.o)
    0x08004da0   0x08004da0   0x0000000a   Code   RO         3969    i._sputc            mc_w.l(printf1.o)
    0x08004daa   0x08004daa   0x00000002   PAD
    0x08004dac   0x08004dac   0x00000024   Code   RO         3548    i.distance_travelled  stepper_1.o
    0x08004dd0   0x08004dd0   0x00000018   Code   RO         4206    i.fabs              m_wm.l(fabs.o)
    0x08004de8   0x08004de8   0x0000012c   Code   RO         3044    i.main              main.o
    0x08004f14   0x08004f14   0x00000138   Code   RO         3552    i.pid               stepper_1.o
    0x0800504c   0x0800504c   0x0000005c   Code   RO         3554    i.set_rotor_angle   stepper_1.o
    0x080050a8   0x080050a8   0x0000006e   Code   RO         3896    i.sqrt              m_wm.l(sqrt.o)
    0x08005116   0x08005116   0x00000010   Data   RO         3840    .constdata          system_stm32f4xx.o
    0x08005126   0x08005126   0x00000008   Data   RO         3841    .constdata          system_stm32f4xx.o
    0x0800512e   0x0800512e   0x00000002   PAD
    0x08005130   0x08005130   0x00000050   Data   RO         3883    .constdata          m_wm.l(asin.o)
    0x08005180   0x08005180   0x00000020   Data   RO         4260    Region$$Table       anon$$obj.o


    Execution Region RW_IRAM1 (Exec base: 0x20000000, Load base: 0x080051a0, Size: 0x00000a80, Max: 0x00020000, ABSOLUTE)

    Exec Addr    Load Addr    Size         Type   Attr      Idx    E Section Name        Object

    0x20000000   0x080051a0   0x00000004   Data   RW          674    .data               stm32f4xx_hal.o
    0x20000004   0x080051a4   0x00000048   Data   RW         3053    .data               main.o
    0x2000004c   0x080051ec   0x00000004   Data   RW         3054    .data               main.o
    0x20000050   0x080051f0   0x00000004   Data   RW         3055    .data               main.o
    0x20000054   0x080051f4   0x00000004   Data   RW         3056    .data               main.o
    0x20000058   0x080051f8   0x00000004   Data   RW         3061    .data               main.o
    0x2000005c   0x080051fc   0x00000004   Data   RW         3069    .data               main.o
    0x20000060   0x08005200   0x00000004   Data   RW         3077    .data               main.o
    0x20000064   0x08005204   0x00000001   Data   RW         3079    .data               main.o
    0x20000065   0x08005205   0x00000003   PAD
    0x20000068   0x08005208   0x00000024   Data   RW         3223    .data               stm32f4xx_it.o
    0x2000008c   0x0800522c   0x00000034   Data   RW         3556    .data               stepper_1.o
    0x200000c0   0x08005260   0x00000004   Data   RW         3731    .data               mpu6050.o
    0x200000c4   0x08005264   0x00000004   PAD
    0x200000c8   0x08005268   0x00000008   Data   RW         3747    .data               mpu6050.o
    0x200000d0   0x08005270   0x00000008   Data   RW         3748    .data               mpu6050.o
    0x200000d8   0x08005278   0x00000004   Data   RW         3842    .data               system_stm32f4xx.o
    0x200000dc   0x0800527c   0x00000004   Data   RW         4239    .data               mc_w.l(errno.o)
    0x200000e0        -       0x0000024c   Zero   RW         3045    .bss                main.o
    0x2000032c        -       0x000001a4   Zero   RW         3373    .bss                tim.o
    0x200004d0        -       0x000000c0   Zero   RW         3496    .bss                usart.o
    0x20000590        -       0x000000a8   Zero   RW         3635    .bss                i2c.o
    0x20000638        -       0x00000048   Zero   RW         3799    .bss                adc.o
    0x20000680        -       0x00000400   Zero   RW         3873    STACK               startup_stm32f407xx.o


==============================================================================

Image component sizes


      Code (inc. data)   RO Data    RW Data    ZI Data      Debug   Object Name

       196         42          0          0         72       1645   adc.o
       304         24          0          0          0       1099   gpio.o
       276         76          0          0        168       2274   i2c.o
      1866        232          0         97        588      12303   main.o
      1128        216          0         20          0       4049   mpu6050.o
       404         42          0          0          0       2681   pid.o
        36          8        392          0       1024        816   startup_stm32f407xx.o
       532         84          0         52          0       4444   stepper_1.o
       120         22          0          4          0       3855   stm32f4xx_hal.o
      1396         48          0          0          0       7317   stm32f4xx_hal_adc.o
         2          0          0          0          0       1005   stm32f4xx_hal_adc_ex.o
       228         14          0          0          0     732821   stm32f4xx_hal_cortex.o
        36          0          0          0          0       1239   stm32f4xx_hal_dma.o
       476         50          0          0          0       4281   stm32f4xx_hal_gpio.o
      1960         38          0          0          0      12670   stm32f4xx_hal_i2c.o
        88          0          0          0          0        534   stm32f4xx_hal_msp.o
      1228         78          0          0          0       5612   stm32f4xx_hal_rcc.o
      2022         96          0          0          0      18367   stm32f4xx_hal_tim.o
       174          0          0          0          0       3294   stm32f4xx_hal_tim_ex.o
      1698         14          0          0          0       9915   stm32f4xx_hal_uart.o
       598        144          0         36          0      11573   stm32f4xx_it.o
        84         18         24          4          0       1191   system_stm32f4xx.o
      1348        228          0          0        420       7666   tim.o
       436        102          0          0        192       3012   usart.o

    ----------------------------------------------------------------------
     16664       1576        450        220       2464     853663   Object Totals
         0          0         32          0          0          0   (incl. Generated)
        28          0          2          7          0          0   (incl. Padding)

    ----------------------------------------------------------------------

      Code (inc. data)   RO Data    RW Data    ZI Data      Debug   Library Member Name

       864         94         80          0          0        280   asin.o
        84         16          0          0          0        372   dunder.o
        24          0          0          0          0        124   fabs.o
        48          0          0          0          0        124   fpclassify.o
       248          0          0          0          0        152   poly.o
       232          0          0          0          0        296   sqrt.o
         0          0          0          0          0          0   entry.o
         0          0          0          0          0          0   entry10a.o
         0          0          0          0          0          0   entry11a.o
         8          4          0          0          0          0   entry2.o
         4          0          0          0          0          0   entry5.o
         0          0          0          0          0          0   entry7b.o
         0          0          0          0          0          0   entry8b.o
         8          4          0          0          0          0   entry9a.o
        12          6          0          4          0         68   errno.o
        30          0          0          0          0          0   handlers.o
        36          8          0          0          0         68   init.o
         0          0          0          0          0          0   iusefp.o
        30          0          0          0          0         68   llshl.o
        36          0          0          0          0         68   llsshr.o
        32          0          0          0          0         68   llushr.o
        36          0          0          0          0         68   memcpya.o
       390         10          0          0          0        252   printf1.o
        44          0          0          0          0         80   uidiv.o
        98          0          0          0          0         92   uldiv.o
        56          0          0          0          0         88   d2f.o
       334          0          0          0          0        148   dadd.o
       222          0          0          0          0        100   ddiv.o
       186          0          0          0          0        176   depilogue.o
        62          0          0          0          0         80   dfixi.o
        34          0          0          0          0         76   dflti.o
       228          0          0          0          0         96   dmul.o
       162          0          0          0          0        100   dsqrt.o
        38          0          0          0          0         68   f2d.o
       110          0          0          0          0        168   fepilogue.o

    ----------------------------------------------------------------------
      3702        142         80          4          0       3280   Library Totals
         6          0          0          0          0          0   (incl. Padding)

    ----------------------------------------------------------------------

      Code (inc. data)   RO Data    RW Data    ZI Data      Debug   Library Name

      1500        110         80          0          0       1348   m_wm.l
       764         32          0          4          0        832   mc_w.l
      1432          0          0          0          0       1100   mf_w.l

    ----------------------------------------------------------------------
      3702        142         80          4          0       3280   Library Totals

    ----------------------------------------------------------------------

==============================================================================


      Code (inc. data)   RO Data    RW Data    ZI Data      Debug   

     20366       1718        530        224       2464     841811   Grand Totals
     20366       1718        530        224       2464     841811   ELF Image Totals
     20366       1718        530        224          0          0   ROM Totals

==============================================================================

    Total RO  Size (Code + RO Data)                20896 (  20.41kB)
    Total RW  Size (RW Data + ZI Data)              2688 (   2.63kB)
    Total ROM Size (Code + RO Data + RW Data)      21120 (  20.63kB)

==============================================================================

