<html>
<body>
<pre>
<h1>µVision Build Log</h1>
<h2>Tool Versions:</h2>
IDE-Version: µVision V5.25.0.0
Copyright (C) 2017 ARM Ltd and ARM Germany GmbH. All rights reserved.
License Information: KIRAN DAWADI, Pulchowk Campus, LIC=FQQKP-M9002-SF4I0-BQ8M8-DZAP1-79WP3
 
Tool Versions:
Toolchain:       MDK-ARM Professional  Version: 5.25.0.0
Toolchain Path:  C:\Keil_v5\ARM\ARMCC\Bin
C Compiler:      Armcc.exe V5.06 update 6 (build 750)
Assembler:       Armasm.exe V5.06 update 6 (build 750)
Linker/Locator:  ArmLink.exe V5.06 update 6 (build 750)
Library Manager: ArmAr.exe V5.06 update 6 (build 750)
Hex Converter:   FromElf.exe V5.06 update 6 (build 750)
CPU DLL:         SARMCM3.DLL V5.25.0.0
Dialog DLL:      DCM.DLL V1.17.0.0
Target DLL:      STLink\ST-LINKIII-KEIL_SWO.dll V3.0.1.0
Dialog DLL:      TCM.DLL V1.34.0.0
 
<h2>Project:</h2>
D:\My PROJECTS\Agro_Doctor_Imported\Agro-doctor\MDK-ARM\AGRO_DOCTORF4.uvprojx
Project File Date:  01/25/2019

<h2>Output:</h2>
*** Using Compiler 'V5.06 update 6 (build 750)', folder: 'C:\Keil_v5\ARM\ARMCC\Bin'
Build target 'AGRO_DOCTORF4'
compiling stm32f4xx_it.c...
../Inc/STEPPER.h(24): warning:  #1295-D: Deprecated declaration left_right_angle - give arg types
  float left_right_angle();
../Src/stm32f4xx_it.c: 1 warning, 0 errors
compiling STEPPER.c...
../Inc/STEPPER.h(24): warning:  #1295-D: Deprecated declaration left_right_angle - give arg types
  float left_right_angle();
STEPPER.c(91): warning:  #1035-D: single-precision operand implicitly converted to double-precision
  	if (left_right_error < 0.1 && left_right_error > -0.1)
STEPPER.c: 2 warnings, 0 errors
compiling main.c...
../Inc/STEPPER.h(24): warning:  #1295-D: Deprecated declaration left_right_angle - give arg types
  float left_right_angle();
..\MDK-ARM\PID.h(18): warning:  #1-D: last line of file ends without a newline
  #endif
../Src/main.c(420): warning:  #1035-D: single-precision operand implicitly converted to double-precision
  				p_scalar += 0.1;
../Src/main.c(425): warning:  #1035-D: single-precision operand implicitly converted to double-precision
  				p_scalar = p_scalar - 0.1;
../Src/main.c(429): warning:  #1035-D: single-precision operand implicitly converted to double-precision
  				d_scalar += 0.1;
../Src/main.c(433): warning:  #1035-D: single-precision operand implicitly converted to double-precision
  				d_scalar -= 0.1;
../Src/main.c: 6 warnings, 0 errors
compiling PID.c...
../Inc/STEPPER.h(24): warning:  #1295-D: Deprecated declaration left_right_angle - give arg types
  float left_right_angle();
PID.h(18): warning:  #1-D: last line of file ends without a newline
  #endif
PID.c(48): warning:  #1-D: last line of file ends without a newline
  	
PID.c: 3 warnings, 0 errors
linking...
Program Size: Code=13876 RO-data=448 RW-data=260 ZI-data=1532  
"AGRO_DOCTORF4\AGRO_DOCTORF4.axf" - 0 Error(s), 12 Warning(s).

<h2>Software Packages used:</h2>

Package Vendor: ARM
                http://www.keil.com/pack/ARM.CMSIS.5.2.0.pack
                ARM.CMSIS.5.2.0
                CMSIS (Cortex Microcontroller Software Interface Standard)
   * Component: CORE Version: 5.0.2

Package Vendor: Keil
                http://www.keil.com/pack/Keil.STM32F4xx_DFP.2.13.0.pack
                Keil.STM32F4xx_DFP.2.13.0
                STMicroelectronics STM32F4 Series Device Support, Drivers and Examples

<h2>Collection of Component include folders:</h2>
  .\RTE\_AGRO_DOCTORF4
  C:\Keil_v5\ARM\PACK\ARM\CMSIS\5.2.0\CMSIS\Include
  C:\Keil_v5\ARM\PACK\Keil\STM32F4xx_DFP\2.13.0\Drivers\CMSIS\Device\ST\STM32F4xx\Include

<h2>Collection of Component Files used:</h2>

   * Component: ARM::CMSIS:CORE:5.0.2
Build Time Elapsed:  00:00:13
</pre>
</body>
</html>
